Archive member included to satisfy reference by file (symbol)

c:/st/stm32cubeide_1.4.0/stm32cubeide/plugins/com.st.stm32cube.ide.mcu.externaltools.gnu-tools-for-stm32.7-2018-q2-update.win32_1.5.0.202011040924/tools/bin/../lib/gcc/arm-none-eabi/7.3.1/../../../../arm-none-eabi/lib/thumb/v6-m\libc_nano.a(lib_a-errno.o)
                              Core/Src/syscalls.o (__errno)
c:/st/stm32cubeide_1.4.0/stm32cubeide/plugins/com.st.stm32cube.ide.mcu.externaltools.gnu-tools-for-stm32.7-2018-q2-update.win32_1.5.0.202011040924/tools/bin/../lib/gcc/arm-none-eabi/7.3.1/../../../../arm-none-eabi/lib/thumb/v6-m\libc_nano.a(lib_a-exit.o)
                              c:/st/stm32cubeide_1.4.0/stm32cubeide/plugins/com.st.stm32cube.ide.mcu.externaltools.gnu-tools-for-stm32.7-2018-q2-update.win32_1.5.0.202011040924/tools/bin/../lib/gcc/arm-none-eabi/7.3.1/../../../../arm-none-eabi/lib/thumb/v6-m/crt0.o (exit)
c:/st/stm32cubeide_1.4.0/stm32cubeide/plugins/com.st.stm32cube.ide.mcu.externaltools.gnu-tools-for-stm32.7-2018-q2-update.win32_1.5.0.202011040924/tools/bin/../lib/gcc/arm-none-eabi/7.3.1/../../../../arm-none-eabi/lib/thumb/v6-m\libc_nano.a(lib_a-impure.o)
                              c:/st/stm32cubeide_1.4.0/stm32cubeide/plugins/com.st.stm32cube.ide.mcu.externaltools.gnu-tools-for-stm32.7-2018-q2-update.win32_1.5.0.202011040924/tools/bin/../lib/gcc/arm-none-eabi/7.3.1/../../../../arm-none-eabi/lib/thumb/v6-m\libc_nano.a(lib_a-exit.o) (_global_impure_ptr)
c:/st/stm32cubeide_1.4.0/stm32cubeide/plugins/com.st.stm32cube.ide.mcu.externaltools.gnu-tools-for-stm32.7-2018-q2-update.win32_1.5.0.202011040924/tools/bin/../lib/gcc/arm-none-eabi/7.3.1/../../../../arm-none-eabi/lib/thumb/v6-m\libc_nano.a(lib_a-init.o)
                              c:/st/stm32cubeide_1.4.0/stm32cubeide/plugins/com.st.stm32cube.ide.mcu.externaltools.gnu-tools-for-stm32.7-2018-q2-update.win32_1.5.0.202011040924/tools/bin/../lib/gcc/arm-none-eabi/7.3.1/../../../../arm-none-eabi/lib/thumb/v6-m/crt0.o (__libc_init_array)
c:/st/stm32cubeide_1.4.0/stm32cubeide/plugins/com.st.stm32cube.ide.mcu.externaltools.gnu-tools-for-stm32.7-2018-q2-update.win32_1.5.0.202011040924/tools/bin/../lib/gcc/arm-none-eabi/7.3.1/../../../../arm-none-eabi/lib/thumb/v6-m\libc_nano.a(lib_a-memcpy-stub.o)
                              stm32-ssd1306/ssd1306/ssd1306.o (memcpy)
c:/st/stm32cubeide_1.4.0/stm32cubeide/plugins/com.st.stm32cube.ide.mcu.externaltools.gnu-tools-for-stm32.7-2018-q2-update.win32_1.5.0.202011040924/tools/bin/../lib/gcc/arm-none-eabi/7.3.1/../../../../arm-none-eabi/lib/thumb/v6-m\libc_nano.a(lib_a-memmove.o)
                              stm32-ssd1306/ssd1306/ssd1306_tests.o (memmove)
c:/st/stm32cubeide_1.4.0/stm32cubeide/plugins/com.st.stm32cube.ide.mcu.externaltools.gnu-tools-for-stm32.7-2018-q2-update.win32_1.5.0.202011040924/tools/bin/../lib/gcc/arm-none-eabi/7.3.1/../../../../arm-none-eabi/lib/thumb/v6-m\libc_nano.a(lib_a-memset.o)
                              c:/st/stm32cubeide_1.4.0/stm32cubeide/plugins/com.st.stm32cube.ide.mcu.externaltools.gnu-tools-for-stm32.7-2018-q2-update.win32_1.5.0.202011040924/tools/bin/../lib/gcc/arm-none-eabi/7.3.1/../../../../arm-none-eabi/lib/thumb/v6-m/crt0.o (memset)
c:/st/stm32cubeide_1.4.0/stm32cubeide/plugins/com.st.stm32cube.ide.mcu.externaltools.gnu-tools-for-stm32.7-2018-q2-update.win32_1.5.0.202011040924/tools/bin/../lib/gcc/arm-none-eabi/7.3.1/../../../../arm-none-eabi/lib/thumb/v6-m\libc_nano.a(lib_a-snprintf.o)
                              stm32-ssd1306/ssd1306/ssd1306_tests.o (snprintf)
c:/st/stm32cubeide_1.4.0/stm32cubeide/plugins/com.st.stm32cube.ide.mcu.externaltools.gnu-tools-for-stm32.7-2018-q2-update.win32_1.5.0.202011040924/tools/bin/../lib/gcc/arm-none-eabi/7.3.1/../../../../arm-none-eabi/lib/thumb/v6-m\libc_nano.a(lib_a-nano-svfprintf.o)
                              c:/st/stm32cubeide_1.4.0/stm32cubeide/plugins/com.st.stm32cube.ide.mcu.externaltools.gnu-tools-for-stm32.7-2018-q2-update.win32_1.5.0.202011040924/tools/bin/../lib/gcc/arm-none-eabi/7.3.1/../../../../arm-none-eabi/lib/thumb/v6-m\libc_nano.a(lib_a-snprintf.o) (_svfprintf_r)
c:/st/stm32cubeide_1.4.0/stm32cubeide/plugins/com.st.stm32cube.ide.mcu.externaltools.gnu-tools-for-stm32.7-2018-q2-update.win32_1.5.0.202011040924/tools/bin/../lib/gcc/arm-none-eabi/7.3.1/../../../../arm-none-eabi/lib/thumb/v6-m\libc_nano.a(lib_a-nano-vfprintf_i.o)
                              c:/st/stm32cubeide_1.4.0/stm32cubeide/plugins/com.st.stm32cube.ide.mcu.externaltools.gnu-tools-for-stm32.7-2018-q2-update.win32_1.5.0.202011040924/tools/bin/../lib/gcc/arm-none-eabi/7.3.1/../../../../arm-none-eabi/lib/thumb/v6-m\libc_nano.a(lib_a-nano-svfprintf.o) (_printf_i)
c:/st/stm32cubeide_1.4.0/stm32cubeide/plugins/com.st.stm32cube.ide.mcu.externaltools.gnu-tools-for-stm32.7-2018-q2-update.win32_1.5.0.202011040924/tools/bin/../lib/gcc/arm-none-eabi/7.3.1/../../../../arm-none-eabi/lib/thumb/v6-m\libc_nano.a(lib_a-memchr-stub.o)
[...]
Memory Configuration

Name             Origin             Length             Attributes
RAM              0x0000000020000000 0x0000000000004000 xrw
FLASH            0x0000000008000000 0x0000000000020000 xr
*default*        0x0000000000000000 0xffffffffffffffff

Linker script and memory map

LOAD c:/st/stm32cubeide_1.4.0/stm32cubeide/plugins/com.st.stm32cube.ide.mcu.externaltools.gnu-tools-for-stm32.7-2018-q2-update.win32_1.5.0.202011040924/tools/bin/../lib/gcc/arm-none-eabi/7.3.1/thumb/v6-m/crti.o
LOAD c:/st/stm32cubeide_1.4.0/stm32cubeide/plugins/com.st.stm32cube.ide.mcu.externaltools.gnu-tools-for-stm32.7-2018-q2-update.win32_1.5.0.202011040924/tools/bin/../lib/gcc/arm-none-eabi/7.3.1/thumb/v6-m/crtbegin.o
LOAD c:/st/stm32cubeide_1.4.0/stm32cubeide/plugins/com.st.stm32cube.ide.mcu.externaltools.gnu-tools-for-stm32.7-2018-q2-update.win32_1.5.0.202011040924/tools/bin/../lib/gcc/arm-none-eabi/7.3.1/../../../../arm-none-eabi/lib/thumb/v6-m/crt0.o
LOAD BitmapLibrary/BitmapLibrary.o
LOAD Core/Src/OLED.o
LOAD Core/Src/main.o
LOAD Core/Src/stm32f0xx_hal_msp.o
LOAD Core/Src/stm32f0xx_it.o
LOAD Core/Src/syscalls.o
LOAD Core/Src/sysmem.o
LOAD Core/Src/system_stm32f0xx.o
LOAD Core/Startup/startup_stm32f072rbtx.o
LOAD Drivers/STM32F0xx_HAL_Driver/Src/stm32f0xx_hal.o
LOAD Drivers/STM32F0xx_HAL_Driver/Src/stm32f0xx_hal_cortex.o
LOAD Drivers/STM32F0xx_HAL_Driver/Src/stm32f0xx_hal_dma.o
LOAD Drivers/STM32F0xx_HAL_Driver/Src/stm32f0xx_hal_exti.o
LOAD Drivers/STM32F0xx_HAL_Driver/Src/stm32f0xx_hal_flash.o
LOAD Drivers/STM32F0xx_HAL_Driver/Src/stm32f0xx_hal_flash_ex.o
LOAD Drivers/STM32F0xx_HAL_Driver/Src/stm32f0xx_hal_gpio.o
LOAD Drivers/STM32F0xx_HAL_Driver/Src/stm32f0xx_hal_i2c.o
LOAD Drivers/STM32F0xx_HAL_Driver/Src/stm32f0xx_hal_i2c_ex.o
LOAD Drivers/STM32F0xx_HAL_Driver/Src/stm32f0xx_hal_pwr.o
LOAD Drivers/STM32F0xx_HAL_Driver/Src/stm32f0xx_hal_pwr_ex.o
LOAD Drivers/STM32F0xx_HAL_Driver/Src/stm32f0xx_hal_rcc.o
LOAD Drivers/STM32F0xx_HAL_Driver/Src/stm32f0xx_hal_rcc_ex.o
LOAD Drivers/STM32F0xx_HAL_Driver/Src/stm32f0xx_hal_tim.o
LOAD Drivers/STM32F0xx_HAL_Driver/Src/stm32f0xx_hal_tim_ex.o
LOAD Drivers/STM32F0xx_HAL_Driver/Src/stm32f0xx_hal_uart.o
LOAD Drivers/STM32F0xx_HAL_Driver/Src/stm32f0xx_hal_uart_ex.o
LOAD stm32-ssd1306/ssd1306/ssd1306.o
LOAD stm32-ssd1306/ssd1306/ssd1306_fonts.o
LOAD stm32-ssd1306/ssd1306/ssd1306_tests.o
START GROUP
LOAD c:/st/stm32cubeide_1.4.0/stm32cubeide/plugins/com.st.stm32cube.ide.mcu.externaltools.gnu-tools-for-stm32.7-2018-q2-update.win32_1.5.0.202011040924/tools/bin/../lib/gcc/arm-none-eabi/7.3.1/../../../../arm-none-eabi/lib/thumb/v6-m\libc_nano.a
LOAD c:/st/stm32cubeide_1.4.0/stm32cubeide/plugins/com.st.stm32cube.ide.mcu.externaltools.gnu-tools-for-stm32.7-2018-q2-update.win32_1.5.0.202011040924/tools/bin/../lib/gcc/arm-none-eabi/7.3.1/../../../../arm-none-eabi/lib/thumb/v6-m\libm.a
END GROUP
START GROUP
LOAD c:/st/stm32cubeide_1.4.0/stm32cubeide/plugins/com.st.stm32cube.ide.mcu.externaltools.gnu-tools-for-stm32.7-2018-q2-update.win32_1.5.0.202011040924/tools/bin/../lib/gcc/arm-none-eabi/7.3.1/thumb/v6-m\libgcc.a
LOAD c:/st/stm32cubeide_1.4.0/stm32cubeide/plugins/com.st.stm32cube.ide.mcu.externaltools.gnu-tools-for-stm32.7-2018-q2-update.win32_1.5.0.202011040924/tools/bin/../lib/gcc/arm-none-eabi/7.3.1/../../../../arm-none-eabi/lib/thumb/v6-m\libc_nano.a
END GROUP
START GROUP
LOAD c:/st/stm32cubeide_1.4.0/stm32cubeide/plugins/com.st.stm32cube.ide.mcu.externaltools.gnu-tools-for-stm32.7-2018-q2-update.win32_1.5.0.202011040924/tools/bin/../lib/gcc/arm-none-eabi/7.3.1/thumb/v6-m\libgcc.a
LOAD c:/st/stm32cubeide_1.4.0/stm32cubeide/plugins/com.st.stm32cube.ide.mcu.externaltools.gnu-tools-for-stm32.7-2018-q2-update.win32_1.5.0.202011040924/tools/bin/../lib/gcc/arm-none-eabi/7.3.1/../../../../arm-none-eabi/lib/thumb/v6-m\libc_nano.a
LOAD c:/st/stm32cubeide_1.4.0/stm32cubeide/plugins/com.st.stm32cube.ide.mcu.externaltools.gnu-tools-for-stm32.7-2018-q2-update.win32_1.5.0.202011040924/tools/bin/../lib/gcc/arm-none-eabi/7.3.1/../../../../arm-none-eabi/lib/thumb/v6-m\libnosys.a
END GROUP
START GROUP
LOAD c:/st/stm32cubeide_1.4.0/stm32cubeide/plugins/com.st.stm32cube.ide.mcu.externaltools.gnu-tools-for-stm32.7-2018-q2-update.win32_1.5.0.202011040924/tools/bin/../lib/gcc/arm-none-eabi/7.3.1/thumb/v6-m\libgcc.a
LOAD c:/st/stm32cubeide_1.4.0/stm32cubeide/plugins/com.st.stm32cube.ide.mcu.externaltools.gnu-tools-for-stm32.7-2018-q2-update.win32_1.5.0.202011040924/tools/bin/../lib/gcc/arm-none-eabi/7.3.1/../../../../arm-none-eabi/lib/thumb/v6-m\libc_nano.a
LOAD c:/st/stm32cubeide_1.4.0/stm32cubeide/plugins/com.st.stm32cube.ide.mcu.externaltools.gnu-tools-for-stm32.7-2018-q2-update.win32_1.5.0.202011040924/tools/bin/../lib/gcc/arm-none-eabi/7.3.1/../../../../arm-none-eabi/lib/thumb/v6-m\libnosys.a
END GROUP
LOAD c:/st/stm32cubeide_1.4.0/stm32cubeide/plugins/com.st.stm32cube.ide.mcu.externaltools.gnu-tools-for-stm32.7-2018-q2-update.win32_1.5.0.202011040924/tools/bin/../lib/gcc/arm-none-eabi/7.3.1/thumb/v6-m/crtend.o
LOAD c:/st/stm32cubeide_1.4.0/stm32cubeide/plugins/com.st.stm32cube.ide.mcu.externaltools.gnu-tools-for-stm32.7-2018-q2-update.win32_1.5.0.202011040924/tools/bin/../lib/gcc/arm-none-eabi/7.3.1/thumb/v6-m/crtn.o
                0x0000000020004000                _estack = (ORIGIN (RAM) + LENGTH (RAM))
                0x0000000000000200                _Min_Heap_Size = 0x200
                0x0000000000000400                _Min_Stack_Size = 0x400

.isr_vector     0x0000000008000000       0xc0
                0x0000000008000000                . = ALIGN (0x4)
 *(.isr_vector)
 .isr_vector    0x0000000008000000       0xc0 Core/Startup/startup_stm32f072rbtx.o
                0x0000000008000000                g_pfnVectors
                0x00000000080000c0                . = ALIGN (0x4)

.text           0x00000000080000c0     0x310c
                0x00000000080000c0                . = ALIGN (0x4)
 *(.text)
 .text          0x00000000080000c0       0x48 c:/st/stm32cubeide_1.4.0/stm32cubeide/plugins/com.st.stm32cube.ide.mcu.externaltools.gnu-tools-for-stm32.7-2018-q2-update.win32_1.5.0.202011040924/tools/bin/../lib/gcc/arm-none-eabi/7.3.1/thumb/v6-m/crtbegin.o
 .text          0x0000000008000108      0x114 c:/st/stm32cubeide_1.4.0/stm32cubeide/plugins/com.st.stm32cube.ide.mcu.externaltools.gnu-tools-for-stm32.7-2018-q2-update.win32_1.5.0.202011040924/tools/bin/../lib/gcc/arm-none-eabi/7.3.1/thumb/v6-m\libgcc.a(_udivsi3.o)
                0x0000000008000108                __aeabi_uidiv
                0x0000000008000108                __udivsi3
                0x0000000008000214                __aeabi_uidivmod
 .text          0x000000000800021c        0x4 c:/st/stm32cubeide_1.4.0/stm32cubeide/plugins/com.st.stm32cube.ide.mcu.externaltools.gnu-tools-for-stm32.7-2018-q2-update.win32_1.5.0.202011040924/tools/bin/../lib/gcc/arm-none-eabi/7.3.1/thumb/v6-m\libgcc.a(_dvmd_tls.o)
                0x000000000800021c                __aeabi_idiv0
                0x000000000800021c                __aeabi_ldiv0
 *(.text*)
 .text.drawBitmap
                0x0000000008000220      0x1bc BitmapLibrary/BitmapLibrary.o
                0x0000000008000220                drawBitmap
 .text.writeLargeFont
                0x00000000080003dc       0x5c Core/Src/OLED.o
                0x00000000080003dc                writeLargeFont
 .text.writeMedFont
                0x0000000008000438       0x5c Core/Src/OLED.o
                0x0000000008000438                writeMedFont
 .text.writeSmFont
                0x0000000008000494       0x5c Core/Src/OLED.o
                0x0000000008000494                writeSmFont
 .text.writeTinyFont
                0x00000000080004f0       0x5c Core/Src/OLED.o
                0x00000000080004f0                writeTinyFont
 .text.clearScreen
                0x000000000800054c       0x20 Core/Src/OLED.o
                0x000000000800054c                clearScreen
 .text.programInit
                0x000000000800056c       0x18 Core/Src/main.o
                0x000000000800056c                programInit
 .text.loop     0x0000000008000584      0x128 Core/Src/main.o
                0x0000000008000584                loop
 .text.main     0x00000000080006ac       0x26 Core/Src/main.o
                0x00000000080006ac                main
 .text.SystemClock_Config
                0x00000000080006d2       0xba Core/Src/main.o
                0x00000000080006d2                SystemClock_Config
 .text.MX_I2C1_Init
                0x000000000800078c       0x80 Core/Src/main.o
 .text.MX_USART2_UART_Init
                0x000000000800080c       0x60 Core/Src/main.o
 .text.MX_GPIO_Init
                0x000000000800086c       0xf0 Core/Src/main.o
 .text.Error_Handler
                0x000000000800095c        0x8 Core/Src/main.o
                0x000000000800095c                Error_Handler
 .text.HAL_MspInit
                0x0000000008000964       0x48 Core/Src/stm32f0xx_hal_msp.o
                0x0000000008000964                HAL_MspInit
 .text.HAL_I2C_MspInit
                0x00000000080009ac       0x9c Core/Src/stm32f0xx_hal_msp.o
                0x00000000080009ac                HAL_I2C_MspInit
 .text.HAL_UART_MspInit
                0x0000000008000a48       0x98 Core/Src/stm32f0xx_hal_msp.o
                0x0000000008000a48                HAL_UART_MspInit
 .text.NMI_Handler
                0x0000000008000ae0        0x6 Core/Src/stm32f0xx_it.o
                0x0000000008000ae0                NMI_Handler
 .text.HardFault_Handler
                0x0000000008000ae6        0x6 Core/Src/stm32f0xx_it.o
                0x0000000008000ae6                HardFault_Handler
 .text.SVC_Handler
                0x0000000008000aec        0xa Core/Src/stm32f0xx_it.o
                0x0000000008000aec                SVC_Handler
 .text.PendSV_Handler
                0x0000000008000af6        0xa Core/Src/stm32f0xx_it.o
                0x0000000008000af6                PendSV_Handler
 .text.SysTick_Handler
                0x0000000008000b00        0xe Core/Src/stm32f0xx_it.o
                0x0000000008000b00                SysTick_Handler
 .text.SystemInit
                0x0000000008000b0e        0xa Core/Src/system_stm32f0xx.o
                0x0000000008000b0e                SystemInit
 .text.Reset_Handler
                0x0000000008000b18       0x50 Core/Startup/startup_stm32f072rbtx.o
                0x0000000008000b18                Reset_Handler
 .text.Default_Handler
                0x0000000008000b68        0x2 Core/Startup/startup_stm32f072rbtx.o
                0x0000000008000b68                TIM1_CC_IRQHandler
                0x0000000008000b68                TSC_IRQHandler
                0x0000000008000b68                ADC1_COMP_IRQHandler
                0x0000000008000b68                I2C1_IRQHandler
                0x0000000008000b68                RCC_CRS_IRQHandler
                0x0000000008000b68                SPI1_IRQHandler
                0x0000000008000b68                TIM6_DAC_IRQHandler
                0x0000000008000b68                USART3_4_IRQHandler
                0x0000000008000b68                EXTI2_3_IRQHandler
                0x0000000008000b68                I2C2_IRQHandler
                0x0000000008000b68                TIM17_IRQHandler
                0x0000000008000b68                CEC_CAN_IRQHandler
                0x0000000008000b68                RTC_IRQHandler
                0x0000000008000b68                PVD_VDDIO2_IRQHandler
                0x0000000008000b68                DMA1_Channel4_5_6_7_IRQHandler
                0x0000000008000b68                TIM16_IRQHandler
                0x0000000008000b68                TIM3_IRQHandler
                0x0000000008000b68                EXTI4_15_IRQHandler
                0x0000000008000b68                DMA1_Channel1_IRQHandler
                0x0000000008000b68                Default_Handler
                0x0000000008000b68                TIM14_IRQHandler
                0x0000000008000b68                TIM7_IRQHandler
                0x0000000008000b68                TIM15_IRQHandler
                0x0000000008000b68                EXTI0_1_IRQHandler
                0x0000000008000b68                USB_IRQHandler
                0x0000000008000b68                SPI2_IRQHandler
                0x0000000008000b68                WWDG_IRQHandler
                0x0000000008000b68                TIM2_IRQHandler
                0x0000000008000b68                DMA1_Channel2_3_IRQHandler
                0x0000000008000b68                USART2_IRQHandler
                0x0000000008000b68                FLASH_IRQHandler
                0x0000000008000b68                USART1_IRQHandler
                0x0000000008000b68                TIM1_BRK_UP_TRG_COM_IRQHandler
 *fill*         0x0000000008000b6a        0x2 
 .text.HAL_Init
                0x0000000008000b6c       0x28 Drivers/STM32F0xx_HAL_Driver/Src/stm32f0xx_hal.o
                0x0000000008000b6c                HAL_Init
 .text.HAL_InitTick
                0x0000000008000b94       0x68 Drivers/STM32F0xx_HAL_Driver/Src/stm32f0xx_hal.o
                0x0000000008000b94                HAL_InitTick
 .text.HAL_IncTick
                0x0000000008000bfc       0x24 Drivers/STM32F0xx_HAL_Driver/Src/stm32f0xx_hal.o
                0x0000000008000bfc                HAL_IncTick
 .text.HAL_GetTick
                0x0000000008000c20       0x14 Drivers/STM32F0xx_HAL_Driver/Src/stm32f0xx_hal.o
                0x0000000008000c20                HAL_GetTick
 .text.HAL_Delay
                0x0000000008000c34       0x44 Drivers/STM32F0xx_HAL_Driver/Src/stm32f0xx_hal.o
                0x0000000008000c34                HAL_Delay
 .text.__NVIC_SetPriority
                0x0000000008000c78       0xdc Drivers/STM32F0xx_HAL_Driver/Src/stm32f0xx_hal_cortex.o
 .text.SysTick_Config
                0x0000000008000d54       0x48 Drivers/STM32F0xx_HAL_Driver/Src/stm32f0xx_hal_cortex.o
 .text.HAL_NVIC_SetPriority
                0x0000000008000d9c       0x2a Drivers/STM32F0xx_HAL_Driver/Src/stm32f0xx_hal_cortex.o
                0x0000000008000d9c                HAL_NVIC_SetPriority
 .text.HAL_SYSTICK_Config
                0x0000000008000dc6       0x1a Drivers/STM32F0xx_HAL_Driver/Src/stm32f0xx_hal_cortex.o
                0x0000000008000dc6                HAL_SYSTICK_Config
 .text.HAL_GPIO_Init
                0x0000000008000de0      0x2f0 Drivers/STM32F0xx_HAL_Driver/Src/stm32f0xx_hal_gpio.o
                0x0000000008000de0                HAL_GPIO_Init
 .text.HAL_GPIO_ReadPin
                0x00000000080010d0       0x3a Drivers/STM32F0xx_HAL_Driver/Src/stm32f0xx_hal_gpio.o
                0x00000000080010d0                HAL_GPIO_ReadPin
 .text.HAL_GPIO_WritePin
                0x000000000800110a       0x3a Drivers/STM32F0xx_HAL_Driver/Src/stm32f0xx_hal_gpio.o
                0x000000000800110a                HAL_GPIO_WritePin
 .text.HAL_I2C_Init
                0x0000000008001144      0x12c Drivers/STM32F0xx_HAL_Driver/Src/stm32f0xx_hal_i2c.o
                0x0000000008001144                HAL_I2C_Init
 .text.HAL_I2C_Mem_Write
                0x0000000008001270      0x25c Drivers/STM32F0xx_HAL_Driver/Src/stm32f0xx_hal_i2c.o
                0x0000000008001270                HAL_I2C_Mem_Write
 .text.I2C_RequestMemoryWrite
                0x00000000080014cc       0xc8 Drivers/STM32F0xx_HAL_Driver/Src/stm32f0xx_hal_i2c.o
 .text.I2C_Flush_TXDR
                0x0000000008001594       0x44 Drivers/STM32F0xx_HAL_Driver/Src/stm32f0xx_hal_i2c.o
 .text.I2C_WaitOnFlagUntilTimeout
                0x00000000080015d8       0x7e Drivers/STM32F0xx_HAL_Driver/Src/stm32f0xx_hal_i2c.o
 .text.I2C_WaitOnTXISFlagUntilTimeout
                0x0000000008001656       0x7e Drivers/STM32F0xx_HAL_Driver/Src/stm32f0xx_hal_i2c.o
 .text.I2C_WaitOnSTOPFlagUntilTimeout
                0x00000000080016d4       0x78 Drivers/STM32F0xx_HAL_Driver/Src/stm32f0xx_hal_i2c.o
 .text.I2C_IsAcknowledgeFailed
                0x000000000800174c       0xcc Drivers/STM32F0xx_HAL_Driver/Src/stm32f0xx_hal_i2c.o
 .text.I2C_TransferConfig
                0x0000000008001818       0x6c Drivers/STM32F0xx_HAL_Driver/Src/stm32f0xx_hal_i2c.o
 .text.HAL_I2CEx_ConfigAnalogFilter
                0x0000000008001884       0x98 Drivers/STM32F0xx_HAL_Driver/Src/stm32f0xx_hal_i2c_ex.o
                0x0000000008001884                HAL_I2CEx_ConfigAnalogFilter
 .text.HAL_I2CEx_ConfigDigitalFilter
                0x000000000800191c       0x98 Drivers/STM32F0xx_HAL_Driver/Src/stm32f0xx_hal_i2c_ex.o
                0x000000000800191c                HAL_I2CEx_ConfigDigitalFilter
 .text.HAL_RCC_OscConfig
                0x00000000080019b4      0x70c Drivers/STM32F0xx_HAL_Driver/Src/stm32f0xx_hal_rcc.o
                0x00000000080019b4                HAL_RCC_OscConfig
 .text.HAL_RCC_ClockConfig
                0x00000000080020c0      0x1b4 Drivers/STM32F0xx_HAL_Driver/Src/stm32f0xx_hal_rcc.o
                0x00000000080020c0                HAL_RCC_ClockConfig
 .text.HAL_RCC_GetSysClockFreq
                0x0000000008002274       0xfc Drivers/STM32F0xx_HAL_Driver/Src/stm32f0xx_hal_rcc.o
                0x0000000008002274                HAL_RCC_GetSysClockFreq
 .text.HAL_RCC_GetHCLKFreq
                0x0000000008002370       0x14 Drivers/STM32F0xx_HAL_Driver/Src/stm32f0xx_hal_rcc.o
                0x0000000008002370                HAL_RCC_GetHCLKFreq
 .text.HAL_RCC_GetPCLK1Freq
                0x0000000008002384       0x2c Drivers/STM32F0xx_HAL_Driver/Src/stm32f0xx_hal_rcc.o
                0x0000000008002384                HAL_RCC_GetPCLK1Freq
 .text.HAL_RCCEx_PeriphCLKConfig
                0x00000000080023b0      0x200 Drivers/STM32F0xx_HAL_Driver/Src/stm32f0xx_hal_rcc_ex.o
                0x00000000080023b0                HAL_RCCEx_PeriphCLKConfig
 .text.HAL_UART_Init
                0x00000000080025b0       0xa8 Drivers/STM32F0xx_HAL_Driver/Src/stm32f0xx_hal_uart.o
                0x00000000080025b0                HAL_UART_Init
 .text.UART_SetConfig
                0x0000000008002658      0x308 Drivers/STM32F0xx_HAL_Driver/Src/stm32f0xx_hal_uart.o
                0x0000000008002658                UART_SetConfig
 .text.UART_AdvFeatureConfig
                0x0000000008002960      0x168 Drivers/STM32F0xx_HAL_Driver/Src/stm32f0xx_hal_uart.o
                0x0000000008002960                UART_AdvFeatureConfig
 .text.UART_CheckIdleState
                0x0000000008002ac8       0x94 Drivers/STM32F0xx_HAL_Driver/Src/stm32f0xx_hal_uart.o
                0x0000000008002ac8                UART_CheckIdleState
 .text.UART_WaitOnFlagUntilTimeout
                0x0000000008002b5c       0xfc Drivers/STM32F0xx_HAL_Driver/Src/stm32f0xx_hal_uart.o
                0x0000000008002b5c                UART_WaitOnFlagUntilTimeout
 .text.ssd1306_Reset
                0x0000000008002c58        0xa stm32-ssd1306/ssd1306/ssd1306.o
                0x0000000008002c58                ssd1306_Reset
 *fill*         0x0000000008002c62        0x2 
 .text.ssd1306_WriteCommand
                0x0000000008002c64       0x34 stm32-ssd1306/ssd1306/ssd1306.o
                0x0000000008002c64                ssd1306_WriteCommand
 .text.ssd1306_WriteData
                0x0000000008002c98       0x34 stm32-ssd1306/ssd1306/ssd1306.o
                0x0000000008002c98                ssd1306_WriteData
 .text.ssd1306_Init
                0x0000000008002ccc       0xd8 stm32-ssd1306/ssd1306/ssd1306.o
                0x0000000008002ccc                ssd1306_Init
 .text.ssd1306_Fill
                0x0000000008002da4       0x48 stm32-ssd1306/ssd1306/ssd1306.o
                0x0000000008002da4                ssd1306_Fill
 .text.ssd1306_UpdateScreen
                0x0000000008002dec       0x58 stm32-ssd1306/ssd1306/ssd1306.o
                0x0000000008002dec                ssd1306_UpdateScreen
 .text.ssd1306_DrawPixel
                0x0000000008002e44       0xe0 stm32-ssd1306/ssd1306/ssd1306.o
                0x0000000008002e44                ssd1306_DrawPixel
 .text.ssd1306_WriteChar
                0x0000000008002f24      0x134 stm32-ssd1306/ssd1306/ssd1306.o
                0x0000000008002f24                ssd1306_WriteChar
 .text.ssd1306_WriteString
                0x0000000008003058       0x54 stm32-ssd1306/ssd1306/ssd1306.o
                0x0000000008003058                ssd1306_WriteString
 .text.ssd1306_SetCursor
                0x00000000080030ac       0x34 stm32-ssd1306/ssd1306/ssd1306.o
                0x00000000080030ac                ssd1306_SetCursor
 .text.ssd1306_SetContrast
                0x00000000080030e0       0x30 stm32-ssd1306/ssd1306/ssd1306.o
                0x00000000080030e0                ssd1306_SetContrast
 .text.ssd1306_SetDisplayOn
                0x0000000008003110       0x4c stm32-ssd1306/ssd1306/ssd1306.o
                0x0000000008003110                ssd1306_SetDisplayOn
 .text.__libc_init_array
                0x000000000800315c       0x48 c:/st/stm32cubeide_1.4.0/stm32cubeide/plugins/com.st.stm32cube.ide.mcu.externaltools.gnu-tools-for-stm32.7-2018-q2-update.win32_1.5.0.202011040924/tools/bin/../lib/gcc/arm-none-eabi/7.3.1/../../../../arm-none-eabi/lib/thumb/v6-m\libc_nano.a(lib_a-init.o)
                0x000000000800315c                __libc_init_array
 .text.memset   0x00000000080031a4       0x10 c:/st/stm32cubeide_1.4.0/stm32cubeide/plugins/com.st.stm32cube.ide.mcu.externaltools.gnu-tools-for-stm32.7-2018-q2-update.win32_1.5.0.202011040924/tools/bin/../lib/gcc/arm-none-eabi/7.3.1/../../../../arm-none-eabi/lib/thumb/v6-m\libc_nano.a(lib_a-memset.o)
                0x00000000080031a4                memset
 *(.glue_7)
 .glue_7        0x00000000080031b4        0x0 linker stubs
 *(.glue_7t)
 .glue_7t       0x00000000080031b4        0x0 linker stubs
 *(.eh_frame)
 .eh_frame      0x00000000080031b4        0x0 c:/st/stm32cubeide_1.4.0/stm32cubeide/plugins/com.st.stm32cube.ide.mcu.externaltools.gnu-tools-for-stm32.7-2018-q2-update.win32_1.5.0.202011040924/tools/bin/../lib/gcc/arm-none-eabi/7.3.1/thumb/v6-m/crtbegin.o
 *(.init)
 .init          0x00000000080031b4        0x4 c:/st/stm32cubeide_1.4.0/stm32cubeide/plugins/com.st.stm32cube.ide.mcu.externaltools.gnu-tools-for-stm32.7-2018-q2-update.win32_1.5.0.202011040924/tools/bin/../lib/gcc/arm-none-eabi/7.3.1/thumb/v6-m/crti.o
                0x00000000080031b4                _init
 .init          0x00000000080031b8        0x8 c:/st/stm32cubeide_1.4.0/stm32cubeide/plugins/com.st.stm32cube.ide.mcu.externaltools.gnu-tools-for-stm32.7-2018-q2-update.win32_1.5.0.202011040924/tools/bin/../lib/gcc/arm-none-eabi/7.3.1/thumb/v6-m/crtn.o
 *(.fini)
 .fini          0x00000000080031c0        0x4 c:/st/stm32cubeide_1.4.0/stm32cubeide/plugins/com.st.stm32cube.ide.mcu.externaltools.gnu-tools-for-stm32.7-2018-q2-update.win32_1.5.0.202011040924/tools/bin/../lib/gcc/arm-none-eabi/7.3.1/thumb/v6-m/crti.o
                0x00000000080031c0                _fini
 .fini          0x00000000080031c4        0x8 c:/st/stm32cubeide_1.4.0/stm32cubeide/plugins/com.st.stm32cube.ide.mcu.externaltools.gnu-tools-for-stm32.7-2018-q2-update.win32_1.5.0.202011040924/tools/bin/../lib/gcc/arm-none-eabi/7.3.1/thumb/v6-m/crtn.o
                0x00000000080031cc                . = ALIGN (0x4)
                0x00000000080031cc                _etext = .

.vfp11_veneer   0x00000000080031cc        0x0
 .vfp11_veneer  0x00000000080031cc        0x0 linker stubs

.v4_bx          0x00000000080031cc        0x0
 .v4_bx         0x00000000080031cc        0x0 linker stubs

.iplt           0x00000000080031cc        0x0
 .iplt          0x00000000080031cc        0x0 c:/st/stm32cubeide_1.4.0/stm32cubeide/plugins/com.st.stm32cube.ide.mcu.externaltools.gnu-tools-for-stm32.7-2018-q2-update.win32_1.5.0.202011040924/tools/bin/../lib/gcc/arm-none-eabi/7.3.1/thumb/v6-m/crtbegin.o

.rodata         0x00000000080031cc     0x2fa0
                0x00000000080031cc                . = ALIGN (0x4)
 *(.rodata)
 .rodata        0x00000000080031cc       0x28 Core/Src/main.o
 .rodata        0x00000000080031f4       0x20 Drivers/STM32F0xx_HAL_Driver/Src/stm32f0xx_hal_rcc.o
 *(.rodata*)
 .rodata.JaktoolLogoBMP
                0x0000000008003214      0x13b Core/Src/main.o
 *fill*         0x000000000800334f        0x1 
 .rodata.AHBPrescTable
                0x0000000008003350       0x10 Core/Src/system_stm32f0xx.o
                0x0000000008003350                AHBPrescTable
 .rodata.APBPrescTable
                0x0000000008003360        0x8 Core/Src/system_stm32f0xx.o
                0x0000000008003360                APBPrescTable
 .rodata.Font7x10
                0x0000000008003368      0x76c stm32-ssd1306/ssd1306/ssd1306_fonts.o
 .rodata.Font11x18
                0x0000000008003ad4      0xd5c stm32-ssd1306/ssd1306/ssd1306_fonts.o
 .rodata.Font16x26
                0x0000000008004830     0x134c stm32-ssd1306/ssd1306/ssd1306_fonts.o
 .rodata.Font6x8
                0x0000000008005b7c      0x5f0 stm32-ssd1306/ssd1306/ssd1306_fonts.o
                0x000000000800616c                . = ALIGN (0x4)

.rel.dyn        0x000000000800616c        0x0
 .rel.iplt      0x000000000800616c        0x0 c:/st/stm32cubeide_1.4.0/stm32cubeide/plugins/com.st.stm32cube.ide.mcu.externaltools.gnu-tools-for-stm32.7-2018-q2-update.win32_1.5.0.202011040924/tools/bin/../lib/gcc/arm-none-eabi/7.3.1/thumb/v6-m/crtbegin.o

.ARM.extab      0x000000000800616c        0x0
                0x000000000800616c                . = ALIGN (0x4)
 *(.ARM.extab* .gnu.linkonce.armextab.*)
                0x000000000800616c                . = ALIGN (0x4)

.ARM            0x000000000800616c        0x0
                0x000000000800616c                . = ALIGN (0x4)
                0x000000000800616c                __exidx_start = .
 *(.ARM.exidx*)
                0x000000000800616c                __exidx_end = .
                0x000000000800616c                . = ALIGN (0x4)

.preinit_array  0x000000000800616c        0x0
                0x000000000800616c                . = ALIGN (0x4)
                0x000000000800616c                PROVIDE (__preinit_array_start = .)
 *(.preinit_array*)
                0x000000000800616c                PROVIDE (__preinit_array_end = .)
                0x000000000800616c                . = ALIGN (0x4)

.init_array     0x000000000800616c        0x4
                0x000000000800616c                . = ALIGN (0x4)
                0x000000000800616c                PROVIDE (__init_array_start = .)
 *(SORT_BY_NAME(.init_array.*))
 *(.init_array*)
 .init_array    0x000000000800616c        0x4 c:/st/stm32cubeide_1.4.0/stm32cubeide/plugins/com.st.stm32cube.ide.mcu.externaltools.gnu-tools-for-stm32.7-2018-q2-update.win32_1.5.0.202011040924/tools/bin/../lib/gcc/arm-none-eabi/7.3.1/thumb/v6-m/crtbegin.o
                0x0000000008006170                PROVIDE (__init_array_end = .)
                0x0000000008006170                . = ALIGN (0x4)

.fini_array     0x0000000008006170        0x4
                0x0000000008006170                . = ALIGN (0x4)
                [!provide]                        PROVIDE (__fini_array_start = .)
 *(SORT_BY_NAME(.fini_array.*))
 *(.fini_array*)
 .fini_array    0x0000000008006170        0x4 c:/st/stm32cubeide_1.4.0/stm32cubeide/plugins/com.st.stm32cube.ide.mcu.externaltools.gnu-tools-for-stm32.7-2018-q2-update.win32_1.5.0.202011040924/tools/bin/../lib/gcc/arm-none-eabi/7.3.1/thumb/v6-m/crtbegin.o
                [!provide]                        PROVIDE (__fini_array_end = .)
                0x0000000008006174                . = ALIGN (0x4)
                0x0000000008006174                _sidata = LOADADDR (.data)

.data           0x0000000020000000       0x2c load address 0x0000000008006174
                0x0000000020000000                . = ALIGN (0x4)
                0x0000000020000000                _sdata = .
 *(.data)
 *(.data*)
 .data.SystemCoreClock
                0x0000000020000000        0x4 Core/Src/system_stm32f0xx.o
                0x0000000020000000                SystemCoreClock
 .data.uwTickPrio
                0x0000000020000004        0x4 Drivers/STM32F0xx_HAL_Driver/Src/stm32f0xx_hal.o
                0x0000000020000004                uwTickPrio
 .data.uwTickFreq
                0x0000000020000008        0x1 Drivers/STM32F0xx_HAL_Driver/Src/stm32f0xx_hal.o
                0x0000000020000008                uwTickFreq
 *fill*         0x0000000020000009        0x3 
 .data.Font_6x8
                0x000000002000000c        0x8 stm32-ssd1306/ssd1306/ssd1306_fonts.o
                0x000000002000000c                Font_6x8
 .data.Font_7x10
                0x0000000020000014        0x8 stm32-ssd1306/ssd1306/ssd1306_fonts.o
                0x0000000020000014                Font_7x10
 .data.Font_11x18
                0x000000002000001c        0x8 stm32-ssd1306/ssd1306/ssd1306_fonts.o
                0x000000002000001c                Font_11x18
 .data.Font_16x26
                0x0000000020000024        0x8 stm32-ssd1306/ssd1306/ssd1306_fonts.o
                0x0000000020000024                Font_16x26
 *(.RamFunc)
 *(.RamFunc*)
                0x000000002000002c                . = ALIGN (0x4)
                0x000000002000002c                _edata = .

.igot.plt       0x000000002000002c        0x0 load address 0x00000000080061a0
 .igot.plt      0x000000002000002c        0x0 c:/st/stm32cubeide_1.4.0/stm32cubeide/plugins/com.st.stm32cube.ide.mcu.externaltools.gnu-tools-for-stm32.7-2018-q2-update.win32_1.5.0.202011040924/tools/bin/../lib/gcc/arm-none-eabi/7.3.1/thumb/v6-m/crtbegin.o
                0x000000002000002c                . = ALIGN (0x4)

.bss            0x000000002000002c      0x4f8 load address 0x00000000080061a0
                0x000000002000002c                _sbss = .
                0x000000002000002c                __bss_start__ = _sbss
 *(.bss)
 .bss           0x000000002000002c       0x1c c:/st/stm32cubeide_1.4.0/stm32cubeide/plugins/com.st.stm32cube.ide.mcu.externaltools.gnu-tools-for-stm32.7-2018-q2-update.win32_1.5.0.202011040924/tools/bin/../lib/gcc/arm-none-eabi/7.3.1/thumb/v6-m/crtbegin.o
 *(.bss*)
 .bss.SSD1306_Buffer
                0x0000000020000048      0x400 stm32-ssd1306/ssd1306/ssd1306.o
 .bss.SSD1306   0x0000000020000448        0x8 stm32-ssd1306/ssd1306/ssd1306.o
 *(COMMON)
 COMMON         0x0000000020000450       0xd0 Core/Src/main.o
                0x0000000020000450                hi2c1
                0x000000002000049c                huart2
 COMMON         0x0000000020000520        0x4 Drivers/STM32F0xx_HAL_Driver/Src/stm32f0xx_hal.o
                0x0000000020000520                uwTick
                0x0000000020000524                . = ALIGN (0x4)
                0x0000000020000524                _ebss = .
                0x0000000020000524                __bss_end__ = _ebss

._user_heap_stack
                0x0000000020000524      0x604 load address 0x00000000080061a0
                0x0000000020000528                . = ALIGN (0x8)
 *fill*         0x0000000020000524        0x4 
                [!provide]                        PROVIDE (end = .)
                0x0000000020000528                PROVIDE (_end = .)
                0x0000000020000728                . = (. + _Min_Heap_Size)
 *fill*         0x0000000020000528      0x200 
                0x0000000020000b28                . = (. + _Min_Stack_Size)
 *fill*         0x0000000020000728      0x400 
                0x0000000020000b28                . = ALIGN (0x8)

/DISCARD/
 libc.a(*)
 libm.a(*)
 libgcc.a(*)

.ARM.attributes
                0x0000000000000000       0x28
 *(.ARM.attributes)
 .ARM.attributes
                0x0000000000000000       0x1e c:/st/stm32cubeide_1.4.0/stm32cubeide/plugins/com.st.stm32cube.ide.mcu.externaltools.gnu-tools-for-stm32.7-2018-q2-update.win32_1.5.0.202011040924/tools/bin/../lib/gcc/arm-none-eabi/7.3.1/thumb/v6-m/crti.o
 .ARM.attributes
                0x000000000000001e       0x2c c:/st/stm32cubeide_1.4.0/stm32cubeide/plugins/com.st.stm32cube.ide.mcu.externaltools.gnu-tools-for-stm32.7-2018-q2-update.win32_1.5.0.202011040924/tools/bin/../lib/gcc/arm-none-eabi/7.3.1/thumb/v6-m/crtbegin.o
 .ARM.attributes
                0x000000000000004a       0x31 BitmapLibrary/BitmapLibrary.o
 .ARM.attributes
                0x000000000000007b       0x31 Core/Src/OLED.o
 .ARM.attributes
                0x00000000000000ac       0x31 Core/Src/main.o
 .ARM.attributes
                0x00000000000000dd       0x31 Core/Src/stm32f0xx_hal_msp.o
 .ARM.attributes
                0x000000000000010e       0x31 Core/Src/stm32f0xx_it.o
 .ARM.attributes
                0x000000000000013f       0x31 Core/Src/system_stm32f0xx.o
 .ARM.attributes
                0x0000000000000170       0x21 Core/Startup/startup_stm32f072rbtx.o
 .ARM.attributes
                0x0000000000000191       0x31 Drivers/STM32F0xx_HAL_Driver/Src/stm32f0xx_hal.o
 .ARM.attributes
                0x00000000000001c2       0x31 Drivers/STM32F0xx_HAL_Driver/Src/stm32f0xx_hal_cortex.o
 .ARM.attributes
                0x00000000000001f3       0x31 Drivers/STM32F0xx_HAL_Driver/Src/stm32f0xx_hal_gpio.o
 .ARM.attributes
                0x0000000000000224       0x31 Drivers/STM32F0xx_HAL_Driver/Src/stm32f0xx_hal_i2c.o
 .ARM.attributes
                0x0000000000000255       0x31 Drivers/STM32F0xx_HAL_Driver/Src/stm32f0xx_hal_i2c_ex.o
 .ARM.attributes
                0x0000000000000286       0x31 Drivers/STM32F0xx_HAL_Driver/Src/stm32f0xx_hal_rcc.o
 .ARM.attributes
                0x00000000000002b7       0x31 Drivers/STM32F0xx_HAL_Driver/Src/stm32f0xx_hal_rcc_ex.o
 .ARM.attributes
                0x00000000000002e8       0x31 Drivers/STM32F0xx_HAL_Driver/Src/stm32f0xx_hal_uart.o
 .ARM.attributes
                0x0000000000000319       0x31 stm32-ssd1306/ssd1306/ssd1306.o
 .ARM.attributes
                0x000000000000034a       0x31 stm32-ssd1306/ssd1306/ssd1306_fonts.o
 .ARM.attributes
                0x000000000000037b       0x2c c:/st/stm32cubeide_1.4.0/stm32cubeide/plugins/com.st.stm32cube.ide.mcu.externaltools.gnu-tools-for-stm32.7-2018-q2-update.win32_1.5.0.202011040924/tools/bin/../lib/gcc/arm-none-eabi/7.3.1/../../../../arm-none-eabi/lib/thumb/v6-m\libc_nano.a(lib_a-init.o)
 .ARM.attributes
                0x00000000000003a7       0x2c c:/st/stm32cubeide_1.4.0/stm32cubeide/plugins/com.st.stm32cube.ide.mcu.externaltools.gnu-tools-for-stm32.7-2018-q2-update.win32_1.5.0.202011040924/tools/bin/../lib/gcc/arm-none-eabi/7.3.1/../../../../arm-none-eabi/lib/thumb/v6-m\libc_nano.a(lib_a-memset.o)
 .ARM.attributes
                0x00000000000003d3       0x1e c:/st/stm32cubeide_1.4.0/stm32cubeide/plugins/com.st.stm32cube.ide.mcu.externaltools.gnu-tools-for-stm32.7-2018-q2-update.win32_1.5.0.202011040924/tools/bin/../lib/gcc/arm-none-eabi/7.3.1/thumb/v6-m\libgcc.a(_udivsi3.o)
 .ARM.attributes
                0x00000000000003f1       0x1e c:/st/stm32cubeide_1.4.0/stm32cubeide/plugins/com.st.stm32cube.ide.mcu.externaltools.gnu-tools-for-stm32.7-2018-q2-update.win32_1.5.0.202011040924/tools/bin/../lib/gcc/arm-none-eabi/7.3.1/thumb/v6-m\libgcc.a(_dvmd_tls.o)
 .ARM.attributes
                0x000000000000040f       0x1e c:/st/stm32cubeide_1.4.0/stm32cubeide/plugins/com.st.stm32cube.ide.mcu.externaltools.gnu-tools-for-stm32.7-2018-q2-update.win32_1.5.0.202011040924/tools/bin/../lib/gcc/arm-none-eabi/7.3.1/thumb/v6-m/crtn.o
OUTPUT(OLED_I2C.elf elf32-littlearm)

.debug_info     0x0000000000000000     0xbb9b
 .debug_info    0x0000000000000000     0x10bd BitmapLibrary/BitmapLibrary.o
 .debug_info    0x00000000000010bd     0x103d Core/Src/OLED.o
 .debug_info    0x00000000000020fa      0xef9 Core/Src/main.o
 .debug_info    0x0000000000002ff3      0xc7c Core/Src/stm32f0xx_hal_msp.o
 .debug_info    0x0000000000003c6f      0x1a2 Core/Src/stm32f0xx_it.o
 .debug_info    0x0000000000003e11      0x29e Core/Src/system_stm32f0xx.o
 .debug_info    0x00000000000040af       0x22 Core/Startup/startup_stm32f072rbtx.o
 .debug_info    0x00000000000040d1      0x6c0 Drivers/STM32F0xx_HAL_Driver/Src/stm32f0xx_hal.o
 .debug_info    0x0000000000004791      0x78c Drivers/STM32F0xx_HAL_Driver/Src/stm32f0xx_hal_cortex.o
 .debug_info    0x0000000000004f1d      0x689 Drivers/STM32F0xx_HAL_Driver/Src/stm32f0xx_hal_gpio.o
 .debug_info    0x00000000000055a6     0x1fc3 Drivers/STM32F0xx_HAL_Driver/Src/stm32f0xx_hal_i2c.o
 .debug_info    0x0000000000007569      0x8c9 Drivers/STM32F0xx_HAL_Driver/Src/stm32f0xx_hal_i2c_ex.o
 .debug_info    0x0000000000007e32      0x82d Drivers/STM32F0xx_HAL_Driver/Src/stm32f0xx_hal_rcc.o
 .debug_info    0x000000000000865f      0x677 Drivers/STM32F0xx_HAL_Driver/Src/stm32f0xx_hal_rcc_ex.o
 .debug_info    0x0000000000008cd6     0x1687 Drivers/STM32F0xx_HAL_Driver/Src/stm32f0xx_hal_uart.o
 .debug_info    0x000000000000a35d     0x1661 stm32-ssd1306/ssd1306/ssd1306.o
 .debug_info    0x000000000000b9be      0x1dd stm32-ssd1306/ssd1306/ssd1306_fonts.o

.debug_abbrev   0x0000000000000000     0x1d7d
 .debug_abbrev  0x0000000000000000      0x22d BitmapLibrary/BitmapLibrary.o
 .debug_abbrev  0x000000000000022d      0x1da Core/Src/OLED.o
 .debug_abbrev  0x0000000000000407      0x252 Core/Src/main.o
 .debug_abbrev  0x0000000000000659      0x197 Core/Src/stm32f0xx_hal_msp.o
 .debug_abbrev  0x00000000000007f0       0xc6 Core/Src/stm32f0xx_it.o
 .debug_abbrev  0x00000000000008b6      0x12b Core/Src/system_stm32f0xx.o
 .debug_abbrev  0x00000000000009e1       0x12 Core/Startup/startup_stm32f072rbtx.o
 .debug_abbrev  0x00000000000009f3      0x1c7 Drivers/STM32F0xx_HAL_Driver/Src/stm32f0xx_hal.o
 .debug_abbrev  0x0000000000000bba      0x273 Drivers/STM32F0xx_HAL_Driver/Src/stm32f0xx_hal_cortex.o
 .debug_abbrev  0x0000000000000e2d      0x1c0 Drivers/STM32F0xx_HAL_Driver/Src/stm32f0xx_hal_gpio.o
 .debug_abbrev  0x0000000000000fed      0x22a Drivers/STM32F0xx_HAL_Driver/Src/stm32f0xx_hal_i2c.o
 .debug_abbrev  0x0000000000001217      0x1b9 Drivers/STM32F0xx_HAL_Driver/Src/stm32f0xx_hal_i2c_ex.o
 .debug_abbrev  0x00000000000013d0      0x20f Drivers/STM32F0xx_HAL_Driver/Src/stm32f0xx_hal_rcc.o
 .debug_abbrev  0x00000000000015df      0x1a7 Drivers/STM32F0xx_HAL_Driver/Src/stm32f0xx_hal_rcc_ex.o
 .debug_abbrev  0x0000000000001786      0x215 Drivers/STM32F0xx_HAL_Driver/Src/stm32f0xx_hal_uart.o
 .debug_abbrev  0x000000000000199b      0x332 stm32-ssd1306/ssd1306/ssd1306.o
 .debug_abbrev  0x0000000000001ccd       0xb0 stm32-ssd1306/ssd1306/ssd1306_fonts.o

.debug_aranges  0x0000000000000000      0xa48
 .debug_aranges
                0x0000000000000000       0x28 BitmapLibrary/BitmapLibrary.o
 .debug_aranges
                0x0000000000000028       0x40 Core/Src/OLED.o
 .debug_aranges
                0x0000000000000068       0x58 Core/Src/main.o
 .debug_aranges
                0x00000000000000c0       0x40 Core/Src/stm32f0xx_hal_msp.o
 .debug_aranges
                0x0000000000000100       0x40 Core/Src/stm32f0xx_it.o
 .debug_aranges
                0x0000000000000140       0x28 Core/Src/system_stm32f0xx.o
 .debug_aranges
                0x0000000000000168       0x28 Core/Startup/startup_stm32f072rbtx.o
 .debug_aranges
                0x0000000000000190       0xd0 Drivers/STM32F0xx_HAL_Driver/Src/stm32f0xx_hal.o
 .debug_aranges
                0x0000000000000260       0xc0 Drivers/STM32F0xx_HAL_Driver/Src/stm32f0xx_hal_cortex.o
 .debug_aranges
                0x0000000000000320       0x58 Drivers/STM32F0xx_HAL_Driver/Src/stm32f0xx_hal_gpio.o
 .debug_aranges
                0x0000000000000378      0x290 Drivers/STM32F0xx_HAL_Driver/Src/stm32f0xx_hal_i2c.o
 .debug_aranges
                0x0000000000000608       0x48 Drivers/STM32F0xx_HAL_Driver/Src/stm32f0xx_hal_i2c_ex.o
 .debug_aranges
                0x0000000000000650       0x80 Drivers/STM32F0xx_HAL_Driver/Src/stm32f0xx_hal_rcc.o
 .debug_aranges
                0x00000000000006d0       0x78 Drivers/STM32F0xx_HAL_Driver/Src/stm32f0xx_hal_rcc_ex.o
 .debug_aranges
                0x0000000000000748      0x228 Drivers/STM32F0xx_HAL_Driver/Src/stm32f0xx_hal_uart.o
 .debug_aranges
                0x0000000000000970       0xc0 stm32-ssd1306/ssd1306/ssd1306.o
 .debug_aranges
                0x0000000000000a30       0x18 stm32-ssd1306/ssd1306/ssd1306_fonts.o

.debug_ranges   0x0000000000000000      0x968
 .debug_ranges  0x0000000000000000       0x18 BitmapLibrary/BitmapLibrary.o
 .debug_ranges  0x0000000000000018       0x30 Core/Src/OLED.o
 .debug_ranges  0x0000000000000048       0x48 Core/Src/main.o
 .debug_ranges  0x0000000000000090       0x30 Core/Src/stm32f0xx_hal_msp.o
 .debug_ranges  0x00000000000000c0       0x30 Core/Src/stm32f0xx_it.o
 .debug_ranges  0x00000000000000f0       0x18 Core/Src/system_stm32f0xx.o
 .debug_ranges  0x0000000000000108       0x20 Core/Startup/startup_stm32f072rbtx.o
 .debug_ranges  0x0000000000000128       0xc0 Drivers/STM32F0xx_HAL_Driver/Src/stm32f0xx_hal.o
 .debug_ranges  0x00000000000001e8       0xb0 Drivers/STM32F0xx_HAL_Driver/Src/stm32f0xx_hal_cortex.o
 .debug_ranges  0x0000000000000298       0x48 Drivers/STM32F0xx_HAL_Driver/Src/stm32f0xx_hal_gpio.o
 .debug_ranges  0x00000000000002e0      0x280 Drivers/STM32F0xx_HAL_Driver/Src/stm32f0xx_hal_i2c.o
 .debug_ranges  0x0000000000000560       0x38 Drivers/STM32F0xx_HAL_Driver/Src/stm32f0xx_hal_i2c_ex.o
 .debug_ranges  0x0000000000000598       0x70 Drivers/STM32F0xx_HAL_Driver/Src/stm32f0xx_hal_rcc.o
 .debug_ranges  0x0000000000000608       0x68 Drivers/STM32F0xx_HAL_Driver/Src/stm32f0xx_hal_rcc_ex.o
 .debug_ranges  0x0000000000000670      0x248 Drivers/STM32F0xx_HAL_Driver/Src/stm32f0xx_hal_uart.o
 .debug_ranges  0x00000000000008b8       0xb0 stm32-ssd1306/ssd1306/ssd1306.o

.debug_macro    0x0000000000000000    0x1a103
 .debug_macro   0x0000000000000000      0x285 BitmapLibrary/BitmapLibrary.o
 .debug_macro   0x0000000000000285      0xa48 BitmapLibrary/BitmapLibrary.o
 .debug_macro   0x0000000000000ccd      0x174 BitmapLibrary/BitmapLibrary.o
 .debug_macro   0x0000000000000e41       0x22 BitmapLibrary/BitmapLibrary.o
 .debug_macro   0x0000000000000e63       0x8e BitmapLibrary/BitmapLibrary.o
 .debug_macro   0x0000000000000ef1       0x51 BitmapLibrary/BitmapLibrary.o
 .debug_macro   0x0000000000000f42       0xef BitmapLibrary/BitmapLibrary.o
 .debug_macro   0x0000000000001031       0x6a BitmapLibrary/BitmapLibrary.o
 .debug_macro   0x000000000000109b      0x1df BitmapLibrary/BitmapLibrary.o
 .debug_macro   0x000000000000127a       0x46 BitmapLibrary/BitmapLibrary.o
 .debug_macro   0x00000000000012c0       0x18 BitmapLibrary/BitmapLibrary.o
 .debug_macro   0x00000000000012d8       0x3c BitmapLibrary/BitmapLibrary.o
 .debug_macro   0x0000000000001314       0x34 BitmapLibrary/BitmapLibrary.o
 .debug_macro   0x0000000000001348       0x10 BitmapLibrary/BitmapLibrary.o
 .debug_macro   0x0000000000001358       0x3a BitmapLibrary/BitmapLibrary.o
 .debug_macro   0x0000000000001392      0x12d BitmapLibrary/BitmapLibrary.o
 .debug_macro   0x00000000000014bf       0x28 BitmapLibrary/BitmapLibrary.o
 .debug_macro   0x00000000000014e7       0x22 BitmapLibrary/BitmapLibrary.o
 .debug_macro   0x0000000000001509       0x1c BitmapLibrary/BitmapLibrary.o
 .debug_macro   0x0000000000001525       0x22 BitmapLibrary/BitmapLibrary.o
 .debug_macro   0x0000000000001547       0xb5 BitmapLibrary/BitmapLibrary.o
 .debug_macro   0x00000000000015fc      0x391 BitmapLibrary/BitmapLibrary.o
 .debug_macro   0x000000000000198d     0xfe50 BitmapLibrary/BitmapLibrary.o
 .debug_macro   0x00000000000117dd       0x3c BitmapLibrary/BitmapLibrary.o
 .debug_macro   0x0000000000011819     0x3461 BitmapLibrary/BitmapLibrary.o
 .debug_macro   0x0000000000014c7a       0x55 BitmapLibrary/BitmapLibrary.o
 .debug_macro   0x0000000000014ccf      0x946 BitmapLibrary/BitmapLibrary.o
 .debug_macro   0x0000000000015615      0x5f3 BitmapLibrary/BitmapLibrary.o
 .debug_macro   0x0000000000015c08      0x12f BitmapLibrary/BitmapLibrary.o
 .debug_macro   0x0000000000015d37      0x1a7 BitmapLibrary/BitmapLibrary.o
 .debug_macro   0x0000000000015ede      0x1a7 BitmapLibrary/BitmapLibrary.o
 .debug_macro   0x0000000000016085      0x22c BitmapLibrary/BitmapLibrary.o
 .debug_macro   0x00000000000162b1       0x34 BitmapLibrary/BitmapLibrary.o
 .debug_macro   0x00000000000162e5       0x43 BitmapLibrary/BitmapLibrary.o
 .debug_macro   0x0000000000016328       0x28 BitmapLibrary/BitmapLibrary.o
 .debug_macro   0x0000000000016350       0xb0 BitmapLibrary/BitmapLibrary.o
 .debug_macro   0x0000000000016400      0x217 BitmapLibrary/BitmapLibrary.o
 .debug_macro   0x0000000000016617      0x22c BitmapLibrary/BitmapLibrary.o
 .debug_macro   0x0000000000016843       0x60 BitmapLibrary/BitmapLibrary.o
 .debug_macro   0x00000000000168a3       0xa5 BitmapLibrary/BitmapLibrary.o
 .debug_macro   0x0000000000016948       0x4c BitmapLibrary/BitmapLibrary.o
 .debug_macro   0x0000000000016994      0x16d BitmapLibrary/BitmapLibrary.o
 .debug_macro   0x0000000000016b01      0x5a5 BitmapLibrary/BitmapLibrary.o
 .debug_macro   0x00000000000170a6       0x44 BitmapLibrary/BitmapLibrary.o
 .debug_macro   0x00000000000170ea      0x130 BitmapLibrary/BitmapLibrary.o
 .debug_macro   0x000000000001721a       0x40 BitmapLibrary/BitmapLibrary.o
 .debug_macro   0x000000000001725a       0x52 BitmapLibrary/BitmapLibrary.o
 .debug_macro   0x00000000000172ac       0x1f BitmapLibrary/BitmapLibrary.o
 .debug_macro   0x00000000000172cb       0x43 BitmapLibrary/BitmapLibrary.o
 .debug_macro   0x000000000001730e       0x20 BitmapLibrary/BitmapLibrary.o
 .debug_macro   0x000000000001732e      0x1a3 BitmapLibrary/BitmapLibrary.o
 .debug_macro   0x00000000000174d1      0x32a BitmapLibrary/BitmapLibrary.o
 .debug_macro   0x00000000000177fb      0x1e1 BitmapLibrary/BitmapLibrary.o
 .debug_macro   0x00000000000179dc      0x35e Core/Src/OLED.o
 .debug_macro   0x0000000000017d3a       0x40 Core/Src/OLED.o
 .debug_macro   0x0000000000017d7a       0x94 Core/Src/OLED.o
 .debug_macro   0x0000000000017e0e       0x57 Core/Src/OLED.o
 .debug_macro   0x0000000000017e65      0x330 Core/Src/OLED.o
 .debug_macro   0x0000000000018195       0x10 Core/Src/OLED.o
 .debug_macro   0x00000000000181a5       0x35 Core/Src/OLED.o
 .debug_macro   0x00000000000181da       0x20 Core/Src/OLED.o
 .debug_macro   0x00000000000181fa       0x1c Core/Src/OLED.o
 .debug_macro   0x0000000000018216       0x10 Core/Src/OLED.o
 .debug_macro   0x0000000000018226       0x10 Core/Src/OLED.o
 .debug_macro   0x0000000000018236       0x1c Core/Src/OLED.o
 .debug_macro   0x0000000000018252       0x52 Core/Src/OLED.o
 .debug_macro   0x00000000000182a4       0x40 Core/Src/OLED.o
 .debug_macro   0x00000000000182e4       0x10 Core/Src/OLED.o
 .debug_macro   0x00000000000182f4       0x40 Core/Src/OLED.o
 .debug_macro   0x0000000000018334       0xd7 Core/Src/OLED.o
 .debug_macro   0x000000000001840b       0x1c Core/Src/OLED.o
 .debug_macro   0x0000000000018427       0x3d Core/Src/OLED.o
 .debug_macro   0x0000000000018464       0x16 Core/Src/OLED.o
 .debug_macro   0x000000000001847a      0x145 Core/Src/OLED.o
 .debug_macro   0x00000000000185bf       0xaf Core/Src/OLED.o
 .debug_macro   0x000000000001866e       0x4f Core/Src/OLED.o
 .debug_macro   0x00000000000186bd      0x243 Core/Src/main.o
 .debug_macro   0x0000000000018900       0x2e Core/Src/main.o
 .debug_macro   0x000000000001892e       0x4c Core/Src/main.o
 .debug_macro   0x000000000001897a       0x22 Core/Src/main.o
 .debug_macro   0x000000000001899c      0x1bd Core/Src/stm32f0xx_hal_msp.o
 .debug_macro   0x0000000000018b59      0x1c7 Core/Src/stm32f0xx_it.o
 .debug_macro   0x0000000000018d20      0x1ae Core/Src/system_stm32f0xx.o
 .debug_macro   0x0000000000018ece      0x1d2 Drivers/STM32F0xx_HAL_Driver/Src/stm32f0xx_hal.o
 .debug_macro   0x00000000000190a0      0x1ae Drivers/STM32F0xx_HAL_Driver/Src/stm32f0xx_hal_cortex.o
 .debug_macro   0x000000000001924e      0x1e6 Drivers/STM32F0xx_HAL_Driver/Src/stm32f0xx_hal_gpio.o
 .debug_macro   0x0000000000019434      0x273 Drivers/STM32F0xx_HAL_Driver/Src/stm32f0xx_hal_i2c.o
 .debug_macro   0x00000000000196a7      0x1ae Drivers/STM32F0xx_HAL_Driver/Src/stm32f0xx_hal_i2c_ex.o
 .debug_macro   0x0000000000019855      0x1c0 Drivers/STM32F0xx_HAL_Driver/Src/stm32f0xx_hal_rcc.o
 .debug_macro   0x0000000000019a15      0x1c0 Drivers/STM32F0xx_HAL_Driver/Src/stm32f0xx_hal_rcc_ex.o
 .debug_macro   0x0000000000019bd5      0x1cb Drivers/STM32F0xx_HAL_Driver/Src/stm32f0xx_hal_uart.o
 .debug_macro   0x0000000000019da0      0x2d7 stm32-ssd1306/ssd1306/ssd1306.o
 .debug_macro   0x000000000001a077       0x16 stm32-ssd1306/ssd1306/ssd1306.o
 .debug_macro   0x000000000001a08d       0x76 stm32-ssd1306/ssd1306/ssd1306_fonts.o

.debug_line     0x0000000000000000     0xa0cd
 .debug_line    0x0000000000000000      0x8ed BitmapLibrary/BitmapLibrary.o
 .debug_line    0x00000000000008ed      0x97b Core/Src/OLED.o
 .debug_line    0x0000000000001268      0x978 Core/Src/main.o
 .debug_line    0x0000000000001be0      0x70b Core/Src/stm32f0xx_hal_msp.o
 .debug_line    0x00000000000022eb      0x704 Core/Src/stm32f0xx_it.o
 .debug_line    0x00000000000029ef      0x6cf Core/Src/system_stm32f0xx.o
 .debug_line    0x00000000000030be       0x89 Core/Startup/startup_stm32f072rbtx.o
 .debug_line    0x0000000000003147      0x862 Drivers/STM32F0xx_HAL_Driver/Src/stm32f0xx_hal.o
 .debug_line    0x00000000000039a9      0x87a Drivers/STM32F0xx_HAL_Driver/Src/stm32f0xx_hal_cortex.o
 .debug_line    0x0000000000004223      0x83a Drivers/STM32F0xx_HAL_Driver/Src/stm32f0xx_hal_gpio.o
 .debug_line    0x0000000000004a5d     0x1a9c Drivers/STM32F0xx_HAL_Driver/Src/stm32f0xx_hal_i2c.o
 .debug_line    0x00000000000064f9      0x7f0 Drivers/STM32F0xx_HAL_Driver/Src/stm32f0xx_hal_i2c_ex.o
 .debug_line    0x0000000000006ce9      0x94f Drivers/STM32F0xx_HAL_Driver/Src/stm32f0xx_hal_rcc.o
 .debug_line    0x0000000000007638      0x8fb Drivers/STM32F0xx_HAL_Driver/Src/stm32f0xx_hal_rcc_ex.o
 .debug_line    0x0000000000007f33     0x1235 Drivers/STM32F0xx_HAL_Driver/Src/stm32f0xx_hal_uart.o
 .debug_line    0x0000000000009168      0xb83 stm32-ssd1306/ssd1306/ssd1306.o
 .debug_line    0x0000000000009ceb      0x3e2 stm32-ssd1306/ssd1306/ssd1306_fonts.o

.debug_str      0x0000000000000000    0x92017
 .debug_str     0x0000000000000000    0x8dc59 BitmapLibrary/BitmapLibrary.o
                                      0x8e071 (size before relaxing)
 .debug_str     0x000000000008dc59     0x12ca Core/Src/OLED.o
                                      0x8e944 (size before relaxing)
 .debug_str     0x000000000008ef23      0x68e Core/Src/main.o
                                      0x8b155 (size before relaxing)
 .debug_str     0x000000000008f5b1       0x7d Core/Src/stm32f0xx_hal_msp.o
                                      0x8a99b (size before relaxing)
 .debug_str     0x000000000008f62e       0x76 Core/Src/stm32f0xx_it.o
                                      0x8a20d (size before relaxing)
 .debug_str     0x000000000008f6a4       0x5f Core/Src/system_stm32f0xx.o
                                      0x8a13c (size before relaxing)
 .debug_str     0x000000000008f703       0x36 Core/Startup/startup_stm32f072rbtx.o
                                         0x85 (size before relaxing)
 .debug_str     0x000000000008f739      0x45b Drivers/STM32F0xx_HAL_Driver/Src/stm32f0xx_hal.o
                                      0x8a6a6 (size before relaxing)
 .debug_str     0x000000000008fb94      0x1f0 Drivers/STM32F0xx_HAL_Driver/Src/stm32f0xx_hal_cortex.o
                                      0x8a55e (size before relaxing)
 .debug_str     0x000000000008fd84      0x20e Drivers/STM32F0xx_HAL_Driver/Src/stm32f0xx_hal_gpio.o
                                      0x8a3d8 (size before relaxing)
 .debug_str     0x000000000008ff92      0xdc5 Drivers/STM32F0xx_HAL_Driver/Src/stm32f0xx_hal_i2c.o
                                      0x8b3ee (size before relaxing)
 .debug_str     0x0000000000090d57       0xb8 Drivers/STM32F0xx_HAL_Driver/Src/stm32f0xx_hal_i2c_ex.o
                                      0x8a6da (size before relaxing)
 .debug_str     0x0000000000090e0f      0x235 Drivers/STM32F0xx_HAL_Driver/Src/stm32f0xx_hal_rcc.o
                                      0x8a551 (size before relaxing)
 .debug_str     0x0000000000091044      0x2dc Drivers/STM32F0xx_HAL_Driver/Src/stm32f0xx_hal_rcc_ex.o
                                      0x8a52e (size before relaxing)
 .debug_str     0x0000000000091320      0x847 Drivers/STM32F0xx_HAL_Driver/Src/stm32f0xx_hal_uart.o
                                      0x8adde (size before relaxing)
 .debug_str     0x0000000000091b67      0x42d stm32-ssd1306/ssd1306/ssd1306.o
                                      0x8e47a (size before relaxing)
 .debug_str     0x0000000000091f94       0x83 stm32-ssd1306/ssd1306/ssd1306_fonts.o
                                       0x3d20 (size before relaxing)

.comment        0x0000000000000000       0x7b
 .comment       0x0000000000000000       0x7b BitmapLibrary/BitmapLibrary.o
                                         0x7c (size before relaxing)
 .comment       0x000000000000007b       0x7c Core/Src/OLED.o
 .comment       0x000000000000007b       0x7c Core/Src/main.o
 .comment       0x000000000000007b       0x7c Core/Src/stm32f0xx_hal_msp.o
 .comment       0x000000000000007b       0x7c Core/Src/stm32f0xx_it.o
 .comment       0x000000000000007b       0x7c Core/Src/system_stm32f0xx.o
 .comment       0x000000000000007b       0x7c Drivers/STM32F0xx_HAL_Driver/Src/stm32f0xx_hal.o
 .comment       0x000000000000007b       0x7c Drivers/STM32F0xx_HAL_Driver/Src/stm32f0xx_hal_cortex.o
 .comment       0x000000000000007b       0x7c Drivers/STM32F0xx_HAL_Driver/Src/stm32f0xx_hal_gpio.o
 .comment       0x000000000000007b       0x7c Drivers/STM32F0xx_HAL_Driver/Src/stm32f0xx_hal_i2c.o
 .comment       0x000000000000007b       0x7c Drivers/STM32F0xx_HAL_Driver/Src/stm32f0xx_hal_i2c_ex.o
 .comment       0x000000000000007b       0x7c Drivers/STM32F0xx_HAL_Driver/Src/stm32f0xx_hal_rcc.o
 .comment       0x000000000000007b       0x7c Drivers/STM32F0xx_HAL_Driver/Src/stm32f0xx_hal_rcc_ex.o
 .comment       0x000000000000007b       0x7c Drivers/STM32F0xx_HAL_Driver/Src/stm32f0xx_hal_uart.o
 .comment       0x000000000000007b       0x7c stm32-ssd1306/ssd1306/ssd1306.o
 .comment       0x000000000000007b       0x7c stm32-ssd1306/ssd1306/ssd1306_fonts.o

.debug_frame    0x0000000000000000     0x2374
 .debug_frame   0x0000000000000000       0x50 BitmapLibrary/BitmapLibrary.o
 .debug_frame   0x0000000000000050       0xc0 Core/Src/OLED.o
 .debug_frame   0x0000000000000110       0xfc Core/Src/main.o
 .debug_frame   0x000000000000020c       0xb0 Core/Src/stm32f0xx_hal_msp.o
 .debug_frame   0x00000000000002bc       0x9c Core/Src/stm32f0xx_it.o
 .debug_frame   0x0000000000000358       0x4c Core/Src/system_stm32f0xx.o
 .debug_frame   0x00000000000003a4      0x2a4 Drivers/STM32F0xx_HAL_Driver/Src/stm32f0xx_hal.o
 .debug_frame   0x0000000000000648      0x2a0 Drivers/STM32F0xx_HAL_Driver/Src/stm32f0xx_hal_cortex.o
 .debug_frame   0x00000000000008e8      0x110 Drivers/STM32F0xx_HAL_Driver/Src/stm32f0xx_hal_gpio.o
 .debug_frame   0x00000000000009f8      0xa20 Drivers/STM32F0xx_HAL_Driver/Src/stm32f0xx_hal_i2c.o
 .debug_frame   0x0000000000001418       0xd0 Drivers/STM32F0xx_HAL_Driver/Src/stm32f0xx_hal_i2c_ex.o
 .debug_frame   0x00000000000014e8      0x198 Drivers/STM32F0xx_HAL_Driver/Src/stm32f0xx_hal_rcc.o
 .debug_frame   0x0000000000001680      0x180 Drivers/STM32F0xx_HAL_Driver/Src/stm32f0xx_hal_rcc_ex.o
 .debug_frame   0x0000000000001800      0x850 Drivers/STM32F0xx_HAL_Driver/Src/stm32f0xx_hal_uart.o
 .debug_frame   0x0000000000002050      0x2b8 stm32-ssd1306/ssd1306/ssd1306.o
 .debug_frame   0x0000000000002308       0x2c c:/st/stm32cubeide_1.4.0/stm32cubeide/plugins/com.st.stm32cube.ide.mcu.externaltools.gnu-tools-for-stm32.7-2018-q2-update.win32_1.5.0.202011040924/tools/bin/../lib/gcc/arm-none-eabi/7.3.1/../../../../arm-none-eabi/lib/thumb/v6-m\libc_nano.a(lib_a-init.o)
 .debug_frame   0x0000000000002334       0x20 c:/st/stm32cubeide_1.4.0/stm32cubeide/plugins/com.st.stm32cube.ide.mcu.externaltools.gnu-tools-for-stm32.7-2018-q2-update.win32_1.5.0.202011040924/tools/bin/../lib/gcc/arm-none-eabi/7.3.1/../../../../arm-none-eabi/lib/thumb/v6-m\libc_nano.a(lib_a-memset.o)
 .debug_frame   0x0000000000002354       0x20 c:/st/stm32cubeide_1.4.0/stm32cubeide/plugins/com.st.stm32cube.ide.mcu.externaltools.gnu-tools-for-stm32.7-2018-q2-update.win32_1.5.0.202011040924/tools/bin/../lib/gcc/arm-none-eabi/7.3.1/thumb/v6-m\libgcc.a(_udivsi3.o)
