Archive member included to satisfy reference by file (symbol)

c:/st/stm32cubeide_1.4.0/stm32cubeide/plugins/com.st.stm32cube.ide.mcu.externaltools.gnu-tools-for-stm32.7-2018-q2-update.win32_1.5.0.202011040924/tools/bin/../lib/gcc/arm-none-eabi/7.3.1/../../../../arm-none-eabi/lib/thumb/v6-m\libc_nano.a(lib_a-errno.o)
                              Core/Src/syscalls.o (__errno)
c:/st/stm32cubeide_1.4.0/stm32cubeide/plugins/com.st.stm32cube.ide.mcu.externaltools.gnu-tools-for-stm32.7-2018-q2-update.win32_1.5.0.202011040924/tools/bin/../lib/gcc/arm-none-eabi/7.3.1/../../../../arm-none-eabi/lib/thumb/v6-m\libc_nano.a(lib_a-exit.o)
                              c:/st/stm32cubeide_1.4.0/stm32cubeide/plugins/com.st.stm32cube.ide.mcu.externaltools.gnu-tools-for-stm32.7-2018-q2-update.win32_1.5.0.202011040924/tools/bin/../lib/gcc/arm-none-eabi/7.3.1/../../../../arm-none-eabi/lib/thumb/v6-m/crt0.o (exit)
c:/st/stm32cubeide_1.4.0/stm32cubeide/plugins/com.st.stm32cube.ide.mcu.externaltools.gnu-tools-for-stm32.7-2018-q2-update.win32_1.5.0.202011040924/tools/bin/../lib/gcc/arm-none-eabi/7.3.1/../../../../arm-none-eabi/lib/thumb/v6-m\libc_nano.a(lib_a-impure.o)
                              c:/st/stm32cubeide_1.4.0/stm32cubeide/plugins/com.st.stm32cube.ide.mcu.externaltools.gnu-tools-for-stm32.7-2018-q2-update.win32_1.5.0.202011040924/tools/bin/../lib/gcc/arm-none-eabi/7.3.1/../../../../arm-none-eabi/lib/thumb/v6-m\libc_nano.a(lib_a-exit.o) (_global_impure_ptr)
c:/st/stm32cubeide_1.4.0/stm32cubeide/plugins/com.st.stm32cube.ide.mcu.externaltools.gnu-tools-for-stm32.7-2018-q2-update.win32_1.5.0.202011040924/tools/bin/../lib/gcc/arm-none-eabi/7.3.1/../../../../arm-none-eabi/lib/thumb/v6-m\libc_nano.a(lib_a-init.o)
                              c:/st/stm32cubeide_1.4.0/stm32cubeide/plugins/com.st.stm32cube.ide.mcu.externaltools.gnu-tools-for-stm32.7-2018-q2-update.win32_1.5.0.202011040924/tools/bin/../lib/gcc/arm-none-eabi/7.3.1/../../../../arm-none-eabi/lib/thumb/v6-m/crt0.o (__libc_init_array)
c:/st/stm32cubeide_1.4.0/stm32cubeide/plugins/com.st.stm32cube.ide.mcu.externaltools.gnu-tools-for-stm32.7-2018-q2-update.win32_1.5.0.202011040924/tools/bin/../lib/gcc/arm-none-eabi/7.3.1/../../../../arm-none-eabi/lib/thumb/v6-m\libc_nano.a(lib_a-memcpy-stub.o)
                              stm32-ssd1306/ssd1306/ssd1306.o (memcpy)
c:/st/stm32cubeide_1.4.0/stm32cubeide/plugins/com.st.stm32cube.ide.mcu.externaltools.gnu-tools-for-stm32.7-2018-q2-update.win32_1.5.0.202011040924/tools/bin/../lib/gcc/arm-none-eabi/7.3.1/../../../../arm-none-eabi/lib/thumb/v6-m\libc_nano.a(lib_a-memmove.o)
                              stm32-ssd1306/ssd1306/ssd1306_tests.o (memmove)
c:/st/stm32cubeide_1.4.0/stm32cubeide/plugins/com.st.stm32cube.ide.mcu.externaltools.gnu-tools-for-stm32.7-2018-q2-update.win32_1.5.0.202011040924/tools/bin/../lib/gcc/arm-none-eabi/7.3.1/../../../../arm-none-eabi/lib/thumb/v6-m\libc_nano.a(lib_a-memset.o)
                              c:/st/stm32cubeide_1.4.0/stm32cubeide/plugins/com.st.stm32cube.ide.mcu.externaltools.gnu-tools-for-stm32.7-2018-q2-update.win32_1.5.0.202011040924/tools/bin/../lib/gcc/arm-none-eabi/7.3.1/../../../../arm-none-eabi/lib/thumb/v6-m/crt0.o (memset)
c:/st/stm32cubeide_1.4.0/stm32cubeide/plugins/com.st.stm32cube.ide.mcu.externaltools.gnu-tools-for-stm32.7-2018-q2-update.win32_1.5.0.202011040924/tools/bin/../lib/gcc/arm-none-eabi/7.3.1/../../../../arm-none-eabi/lib/thumb/v6-m\libc_nano.a(lib_a-snprintf.o)
                              stm32-ssd1306/ssd1306/ssd1306_tests.o (snprintf)
c:/st/stm32cubeide_1.4.0/stm32cubeide/plugins/com.st.stm32cube.ide.mcu.externaltools.gnu-tools-for-stm32.7-2018-q2-update.win32_1.5.0.202011040924/tools/bin/../lib/gcc/arm-none-eabi/7.3.1/../../../../arm-none-eabi/lib/thumb/v6-m\libc_nano.a(lib_a-nano-svfprintf.o)
                              c:/st/stm32cubeide_1.4.0/stm32cubeide/plugins/com.st.stm32cube.ide.mcu.externaltools.gnu-tools-for-stm32.7-2018-q2-update.win32_1.5.0.202011040924/tools/bin/../lib/gcc/arm-none-eabi/7.3.1/../../../../arm-none-eabi/lib/thumb/v6-m\libc_nano.a(lib_a-snprintf.o) (_svfprintf_r)
c:/st/stm32cubeide_1.4.0/stm32cubeide/plugins/com.st.stm32cube.ide.mcu.externaltools.gnu-tools-for-stm32.7-2018-q2-update.win32_1.5.0.202011040924/tools/bin/../lib/gcc/arm-none-eabi/7.3.1/../../../../arm-none-eabi/lib/thumb/v6-m\libc_nano.a(lib_a-nano-vfprintf_i.o)
                              c:/st/stm32cubeide_1.4.0/stm32cubeide/plugins/com.st.stm32cube.ide.mcu.externaltools.gnu-tools-for-stm32.7-2018-q2-update.win32_1.5.0.202011040924/tools/bin/../lib/gcc/arm-none-eabi/7.3.1/../../../../arm-none-eabi/lib/thumb/v6-m\libc_nano.a(lib_a-nano-svfprintf.o) (_printf_i)
c:/st/stm32cubeide_1.4.0/stm32cubeide/plugins/com.st.stm32cube.ide.mcu.externaltools.gnu-tools-for-stm32.7-2018-q2-update.win32_1.5.0.202011040924/tools/bin/../lib/gcc/arm-none-eabi/7.3.1/../../../../arm-none-eabi/lib/thumb/v6-m\libc_nano.a(lib_a-memchr-stub.o)
[...]
Memory Configuration

Name             Origin             Length             Attributes
RAM              0x0000000020000000 0x0000000000004000 xrw
FLASH            0x0000000008000000 0x0000000000020000 xr
*default*        0x0000000000000000 0xffffffffffffffff

Linker script and memory map

LOAD c:/st/stm32cubeide_1.4.0/stm32cubeide/plugins/com.st.stm32cube.ide.mcu.externaltools.gnu-tools-for-stm32.7-2018-q2-update.win32_1.5.0.202011040924/tools/bin/../lib/gcc/arm-none-eabi/7.3.1/thumb/v6-m/crti.o
LOAD c:/st/stm32cubeide_1.4.0/stm32cubeide/plugins/com.st.stm32cube.ide.mcu.externaltools.gnu-tools-for-stm32.7-2018-q2-update.win32_1.5.0.202011040924/tools/bin/../lib/gcc/arm-none-eabi/7.3.1/thumb/v6-m/crtbegin.o
LOAD c:/st/stm32cubeide_1.4.0/stm32cubeide/plugins/com.st.stm32cube.ide.mcu.externaltools.gnu-tools-for-stm32.7-2018-q2-update.win32_1.5.0.202011040924/tools/bin/../lib/gcc/arm-none-eabi/7.3.1/../../../../arm-none-eabi/lib/thumb/v6-m/crt0.o
LOAD BitmapLibrary/BitmapLibrary.o
LOAD Core/Src/main.o
LOAD Core/Src/stm32f0xx_hal_msp.o
LOAD Core/Src/stm32f0xx_it.o
LOAD Core/Src/syscalls.o
LOAD Core/Src/sysmem.o
LOAD Core/Src/system_stm32f0xx.o
LOAD Core/Startup/startup_stm32f072rbtx.o
LOAD Drivers/STM32F0xx_HAL_Driver/Src/stm32f0xx_hal.o
LOAD Drivers/STM32F0xx_HAL_Driver/Src/stm32f0xx_hal_cortex.o
LOAD Drivers/STM32F0xx_HAL_Driver/Src/stm32f0xx_hal_dma.o
LOAD Drivers/STM32F0xx_HAL_Driver/Src/stm32f0xx_hal_exti.o
LOAD Drivers/STM32F0xx_HAL_Driver/Src/stm32f0xx_hal_flash.o
LOAD Drivers/STM32F0xx_HAL_Driver/Src/stm32f0xx_hal_flash_ex.o
LOAD Drivers/STM32F0xx_HAL_Driver/Src/stm32f0xx_hal_gpio.o
LOAD Drivers/STM32F0xx_HAL_Driver/Src/stm32f0xx_hal_i2c.o
LOAD Drivers/STM32F0xx_HAL_Driver/Src/stm32f0xx_hal_i2c_ex.o
LOAD Drivers/STM32F0xx_HAL_Driver/Src/stm32f0xx_hal_pwr.o
LOAD Drivers/STM32F0xx_HAL_Driver/Src/stm32f0xx_hal_pwr_ex.o
LOAD Drivers/STM32F0xx_HAL_Driver/Src/stm32f0xx_hal_rcc.o
LOAD Drivers/STM32F0xx_HAL_Driver/Src/stm32f0xx_hal_rcc_ex.o
LOAD Drivers/STM32F0xx_HAL_Driver/Src/stm32f0xx_hal_tim.o
LOAD Drivers/STM32F0xx_HAL_Driver/Src/stm32f0xx_hal_tim_ex.o
LOAD Drivers/STM32F0xx_HAL_Driver/Src/stm32f0xx_hal_uart.o
LOAD Drivers/STM32F0xx_HAL_Driver/Src/stm32f0xx_hal_uart_ex.o
LOAD stm32-ssd1306/ssd1306/ssd1306.o
LOAD stm32-ssd1306/ssd1306/ssd1306_fonts.o
LOAD stm32-ssd1306/ssd1306/ssd1306_tests.o
START GROUP
LOAD c:/st/stm32cubeide_1.4.0/stm32cubeide/plugins/com.st.stm32cube.ide.mcu.externaltools.gnu-tools-for-stm32.7-2018-q2-update.win32_1.5.0.202011040924/tools/bin/../lib/gcc/arm-none-eabi/7.3.1/../../../../arm-none-eabi/lib/thumb/v6-m\libc_nano.a
LOAD c:/st/stm32cubeide_1.4.0/stm32cubeide/plugins/com.st.stm32cube.ide.mcu.externaltools.gnu-tools-for-stm32.7-2018-q2-update.win32_1.5.0.202011040924/tools/bin/../lib/gcc/arm-none-eabi/7.3.1/../../../../arm-none-eabi/lib/thumb/v6-m\libm.a
END GROUP
START GROUP
LOAD c:/st/stm32cubeide_1.4.0/stm32cubeide/plugins/com.st.stm32cube.ide.mcu.externaltools.gnu-tools-for-stm32.7-2018-q2-update.win32_1.5.0.202011040924/tools/bin/../lib/gcc/arm-none-eabi/7.3.1/thumb/v6-m\libgcc.a
LOAD c:/st/stm32cubeide_1.4.0/stm32cubeide/plugins/com.st.stm32cube.ide.mcu.externaltools.gnu-tools-for-stm32.7-2018-q2-update.win32_1.5.0.202011040924/tools/bin/../lib/gcc/arm-none-eabi/7.3.1/../../../../arm-none-eabi/lib/thumb/v6-m\libc_nano.a
END GROUP
START GROUP
LOAD c:/st/stm32cubeide_1.4.0/stm32cubeide/plugins/com.st.stm32cube.ide.mcu.externaltools.gnu-tools-for-stm32.7-2018-q2-update.win32_1.5.0.202011040924/tools/bin/../lib/gcc/arm-none-eabi/7.3.1/thumb/v6-m\libgcc.a
LOAD c:/st/stm32cubeide_1.4.0/stm32cubeide/plugins/com.st.stm32cube.ide.mcu.externaltools.gnu-tools-for-stm32.7-2018-q2-update.win32_1.5.0.202011040924/tools/bin/../lib/gcc/arm-none-eabi/7.3.1/../../../../arm-none-eabi/lib/thumb/v6-m\libc_nano.a
LOAD c:/st/stm32cubeide_1.4.0/stm32cubeide/plugins/com.st.stm32cube.ide.mcu.externaltools.gnu-tools-for-stm32.7-2018-q2-update.win32_1.5.0.202011040924/tools/bin/../lib/gcc/arm-none-eabi/7.3.1/../../../../arm-none-eabi/lib/thumb/v6-m\libnosys.a
END GROUP
START GROUP
LOAD c:/st/stm32cubeide_1.4.0/stm32cubeide/plugins/com.st.stm32cube.ide.mcu.externaltools.gnu-tools-for-stm32.7-2018-q2-update.win32_1.5.0.202011040924/tools/bin/../lib/gcc/arm-none-eabi/7.3.1/thumb/v6-m\libgcc.a
LOAD c:/st/stm32cubeide_1.4.0/stm32cubeide/plugins/com.st.stm32cube.ide.mcu.externaltools.gnu-tools-for-stm32.7-2018-q2-update.win32_1.5.0.202011040924/tools/bin/../lib/gcc/arm-none-eabi/7.3.1/../../../../arm-none-eabi/lib/thumb/v6-m\libc_nano.a
LOAD c:/st/stm32cubeide_1.4.0/stm32cubeide/plugins/com.st.stm32cube.ide.mcu.externaltools.gnu-tools-for-stm32.7-2018-q2-update.win32_1.5.0.202011040924/tools/bin/../lib/gcc/arm-none-eabi/7.3.1/../../../../arm-none-eabi/lib/thumb/v6-m\libnosys.a
END GROUP
LOAD c:/st/stm32cubeide_1.4.0/stm32cubeide/plugins/com.st.stm32cube.ide.mcu.externaltools.gnu-tools-for-stm32.7-2018-q2-update.win32_1.5.0.202011040924/tools/bin/../lib/gcc/arm-none-eabi/7.3.1/thumb/v6-m/crtend.o
LOAD c:/st/stm32cubeide_1.4.0/stm32cubeide/plugins/com.st.stm32cube.ide.mcu.externaltools.gnu-tools-for-stm32.7-2018-q2-update.win32_1.5.0.202011040924/tools/bin/../lib/gcc/arm-none-eabi/7.3.1/thumb/v6-m/crtn.o
                0x0000000020004000                _estack = (ORIGIN (RAM) + LENGTH (RAM))
                0x0000000000000200                _Min_Heap_Size = 0x200
                0x0000000000000400                _Min_Stack_Size = 0x400

.isr_vector     0x0000000008000000       0xc0
                0x0000000008000000                . = ALIGN (0x4)
 *(.isr_vector)
 .isr_vector    0x0000000008000000       0xc0 Core/Startup/startup_stm32f072rbtx.o
                0x0000000008000000                g_pfnVectors
                0x00000000080000c0                . = ALIGN (0x4)

.text           0x00000000080000c0     0x2cf4
                0x00000000080000c0                . = ALIGN (0x4)
 *(.text)
 .text          0x00000000080000c0       0x48 c:/st/stm32cubeide_1.4.0/stm32cubeide/plugins/com.st.stm32cube.ide.mcu.externaltools.gnu-tools-for-stm32.7-2018-q2-update.win32_1.5.0.202011040924/tools/bin/../lib/gcc/arm-none-eabi/7.3.1/thumb/v6-m/crtbegin.o
 .text          0x0000000008000108      0x114 c:/st/stm32cubeide_1.4.0/stm32cubeide/plugins/com.st.stm32cube.ide.mcu.externaltools.gnu-tools-for-stm32.7-2018-q2-update.win32_1.5.0.202011040924/tools/bin/../lib/gcc/arm-none-eabi/7.3.1/thumb/v6-m\libgcc.a(_udivsi3.o)
                0x0000000008000108                __aeabi_uidiv
                0x0000000008000108                __udivsi3
                0x0000000008000214                __aeabi_uidivmod
 .text          0x000000000800021c        0x4 c:/st/stm32cubeide_1.4.0/stm32cubeide/plugins/com.st.stm32cube.ide.mcu.externaltools.gnu-tools-for-stm32.7-2018-q2-update.win32_1.5.0.202011040924/tools/bin/../lib/gcc/arm-none-eabi/7.3.1/thumb/v6-m\libgcc.a(_dvmd_tls.o)
                0x000000000800021c                __aeabi_idiv0
                0x000000000800021c                __aeabi_ldiv0
 *(.text*)
 .text.drawBitmap
                0x0000000008000220      0x1bc BitmapLibrary/BitmapLibrary.o
                0x0000000008000220                drawBitmap
 .text.programInit
                0x00000000080003dc       0x18 Core/Src/main.o
                0x00000000080003dc                programInit
 .text.loop     0x00000000080003f4       0x5c Core/Src/main.o
                0x00000000080003f4                loop
 .text.main     0x0000000008000450       0x26 Core/Src/main.o
                0x0000000008000450                main
 .text.SystemClock_Config
                0x0000000008000476       0xba Core/Src/main.o
                0x0000000008000476                SystemClock_Config
 .text.MX_I2C1_Init
                0x0000000008000530       0x80 Core/Src/main.o
 .text.MX_USART2_UART_Init
                0x00000000080005b0       0x60 Core/Src/main.o
 .text.MX_GPIO_Init
                0x0000000008000610       0xf0 Core/Src/main.o
 .text.Error_Handler
                0x0000000008000700        0x8 Core/Src/main.o
                0x0000000008000700                Error_Handler
 .text.HAL_MspInit
                0x0000000008000708       0x48 Core/Src/stm32f0xx_hal_msp.o
                0x0000000008000708                HAL_MspInit
 .text.HAL_I2C_MspInit
                0x0000000008000750       0x9c Core/Src/stm32f0xx_hal_msp.o
                0x0000000008000750                HAL_I2C_MspInit
 .text.HAL_UART_MspInit
                0x00000000080007ec       0x98 Core/Src/stm32f0xx_hal_msp.o
                0x00000000080007ec                HAL_UART_MspInit
 .text.NMI_Handler
                0x0000000008000884        0x6 Core/Src/stm32f0xx_it.o
                0x0000000008000884                NMI_Handler
 .text.HardFault_Handler
                0x000000000800088a        0x6 Core/Src/stm32f0xx_it.o
                0x000000000800088a                HardFault_Handler
 .text.SVC_Handler
                0x0000000008000890        0xa Core/Src/stm32f0xx_it.o
                0x0000000008000890                SVC_Handler
 .text.PendSV_Handler
                0x000000000800089a        0xa Core/Src/stm32f0xx_it.o
                0x000000000800089a                PendSV_Handler
 .text.SysTick_Handler
                0x00000000080008a4        0xe Core/Src/stm32f0xx_it.o
                0x00000000080008a4                SysTick_Handler
 .text.SystemInit
                0x00000000080008b2        0xa Core/Src/system_stm32f0xx.o
                0x00000000080008b2                SystemInit
 .text.Reset_Handler
                0x00000000080008bc       0x50 Core/Startup/startup_stm32f072rbtx.o
                0x00000000080008bc                Reset_Handler
 .text.Default_Handler
                0x000000000800090c        0x2 Core/Startup/startup_stm32f072rbtx.o
                0x000000000800090c                TIM1_CC_IRQHandler
                0x000000000800090c                TSC_IRQHandler
                0x000000000800090c                ADC1_COMP_IRQHandler
                0x000000000800090c                I2C1_IRQHandler
                0x000000000800090c                RCC_CRS_IRQHandler
                0x000000000800090c                SPI1_IRQHandler
                0x000000000800090c                TIM6_DAC_IRQHandler
                0x000000000800090c                USART3_4_IRQHandler
                0x000000000800090c                EXTI2_3_IRQHandler
                0x000000000800090c                I2C2_IRQHandler
                0x000000000800090c                TIM17_IRQHandler
                0x000000000800090c                CEC_CAN_IRQHandler
                0x000000000800090c                RTC_IRQHandler
                0x000000000800090c                PVD_VDDIO2_IRQHandler
                0x000000000800090c                DMA1_Channel4_5_6_7_IRQHandler
                0x000000000800090c                TIM16_IRQHandler
                0x000000000800090c                TIM3_IRQHandler
                0x000000000800090c                EXTI4_15_IRQHandler
                0x000000000800090c                DMA1_Channel1_IRQHandler
                0x000000000800090c                Default_Handler
                0x000000000800090c                TIM14_IRQHandler
                0x000000000800090c                TIM7_IRQHandler
                0x000000000800090c                TIM15_IRQHandler
                0x000000000800090c                EXTI0_1_IRQHandler
                0x000000000800090c                USB_IRQHandler
                0x000000000800090c                SPI2_IRQHandler
                0x000000000800090c                WWDG_IRQHandler
                0x000000000800090c                TIM2_IRQHandler
                0x000000000800090c                DMA1_Channel2_3_IRQHandler
                0x000000000800090c                USART2_IRQHandler
                0x000000000800090c                FLASH_IRQHandler
                0x000000000800090c                USART1_IRQHandler
                0x000000000800090c                TIM1_BRK_UP_TRG_COM_IRQHandler
 *fill*         0x000000000800090e        0x2 
 .text.HAL_Init
                0x0000000008000910       0x28 Drivers/STM32F0xx_HAL_Driver/Src/stm32f0xx_hal.o
                0x0000000008000910                HAL_Init
 .text.HAL_InitTick
                0x0000000008000938       0x68 Drivers/STM32F0xx_HAL_Driver/Src/stm32f0xx_hal.o
                0x0000000008000938                HAL_InitTick
 .text.HAL_IncTick
                0x00000000080009a0       0x24 Drivers/STM32F0xx_HAL_Driver/Src/stm32f0xx_hal.o
                0x00000000080009a0                HAL_IncTick
 .text.HAL_GetTick
                0x00000000080009c4       0x14 Drivers/STM32F0xx_HAL_Driver/Src/stm32f0xx_hal.o
                0x00000000080009c4                HAL_GetTick
 .text.HAL_Delay
                0x00000000080009d8       0x44 Drivers/STM32F0xx_HAL_Driver/Src/stm32f0xx_hal.o
                0x00000000080009d8                HAL_Delay
 .text.__NVIC_SetPriority
                0x0000000008000a1c       0xdc Drivers/STM32F0xx_HAL_Driver/Src/stm32f0xx_hal_cortex.o
 .text.SysTick_Config
                0x0000000008000af8       0x48 Drivers/STM32F0xx_HAL_Driver/Src/stm32f0xx_hal_cortex.o
 .text.HAL_NVIC_SetPriority
                0x0000000008000b40       0x2a Drivers/STM32F0xx_HAL_Driver/Src/stm32f0xx_hal_cortex.o
                0x0000000008000b40                HAL_NVIC_SetPriority
 .text.HAL_SYSTICK_Config
                0x0000000008000b6a       0x1a Drivers/STM32F0xx_HAL_Driver/Src/stm32f0xx_hal_cortex.o
                0x0000000008000b6a                HAL_SYSTICK_Config
 .text.HAL_GPIO_Init
                0x0000000008000b84      0x2f0 Drivers/STM32F0xx_HAL_Driver/Src/stm32f0xx_hal_gpio.o
                0x0000000008000b84                HAL_GPIO_Init
 .text.HAL_GPIO_ReadPin
                0x0000000008000e74       0x3a Drivers/STM32F0xx_HAL_Driver/Src/stm32f0xx_hal_gpio.o
                0x0000000008000e74                HAL_GPIO_ReadPin
 .text.HAL_GPIO_WritePin
                0x0000000008000eae       0x3a Drivers/STM32F0xx_HAL_Driver/Src/stm32f0xx_hal_gpio.o
                0x0000000008000eae                HAL_GPIO_WritePin
 .text.HAL_I2C_Init
                0x0000000008000ee8      0x12c Drivers/STM32F0xx_HAL_Driver/Src/stm32f0xx_hal_i2c.o
                0x0000000008000ee8                HAL_I2C_Init
 .text.HAL_I2C_Mem_Write
                0x0000000008001014      0x25c Drivers/STM32F0xx_HAL_Driver/Src/stm32f0xx_hal_i2c.o
                0x0000000008001014                HAL_I2C_Mem_Write
 .text.I2C_RequestMemoryWrite
                0x0000000008001270       0xc8 Drivers/STM32F0xx_HAL_Driver/Src/stm32f0xx_hal_i2c.o
 .text.I2C_Flush_TXDR
                0x0000000008001338       0x44 Drivers/STM32F0xx_HAL_Driver/Src/stm32f0xx_hal_i2c.o
 .text.I2C_WaitOnFlagUntilTimeout
                0x000000000800137c       0x7e Drivers/STM32F0xx_HAL_Driver/Src/stm32f0xx_hal_i2c.o
 .text.I2C_WaitOnTXISFlagUntilTimeout
                0x00000000080013fa       0x7e Drivers/STM32F0xx_HAL_Driver/Src/stm32f0xx_hal_i2c.o
 .text.I2C_WaitOnSTOPFlagUntilTimeout
                0x0000000008001478       0x78 Drivers/STM32F0xx_HAL_Driver/Src/stm32f0xx_hal_i2c.o
 .text.I2C_IsAcknowledgeFailed
                0x00000000080014f0       0xcc Drivers/STM32F0xx_HAL_Driver/Src/stm32f0xx_hal_i2c.o
 .text.I2C_TransferConfig
                0x00000000080015bc       0x6c Drivers/STM32F0xx_HAL_Driver/Src/stm32f0xx_hal_i2c.o
 .text.HAL_I2CEx_ConfigAnalogFilter
                0x0000000008001628       0x98 Drivers/STM32F0xx_HAL_Driver/Src/stm32f0xx_hal_i2c_ex.o
                0x0000000008001628                HAL_I2CEx_ConfigAnalogFilter
 .text.HAL_I2CEx_ConfigDigitalFilter
                0x00000000080016c0       0x98 Drivers/STM32F0xx_HAL_Driver/Src/stm32f0xx_hal_i2c_ex.o
                0x00000000080016c0                HAL_I2CEx_ConfigDigitalFilter
 .text.HAL_RCC_OscConfig
                0x0000000008001758      0x70c Drivers/STM32F0xx_HAL_Driver/Src/stm32f0xx_hal_rcc.o
                0x0000000008001758                HAL_RCC_OscConfig
 .text.HAL_RCC_ClockConfig
                0x0000000008001e64      0x1b4 Drivers/STM32F0xx_HAL_Driver/Src/stm32f0xx_hal_rcc.o
                0x0000000008001e64                HAL_RCC_ClockConfig
 .text.HAL_RCC_GetSysClockFreq
                0x0000000008002018       0xfc Drivers/STM32F0xx_HAL_Driver/Src/stm32f0xx_hal_rcc.o
                0x0000000008002018                HAL_RCC_GetSysClockFreq
 .text.HAL_RCC_GetHCLKFreq
                0x0000000008002114       0x14 Drivers/STM32F0xx_HAL_Driver/Src/stm32f0xx_hal_rcc.o
                0x0000000008002114                HAL_RCC_GetHCLKFreq
 .text.HAL_RCC_GetPCLK1Freq
                0x0000000008002128       0x2c Drivers/STM32F0xx_HAL_Driver/Src/stm32f0xx_hal_rcc.o
                0x0000000008002128                HAL_RCC_GetPCLK1Freq
 .text.HAL_RCCEx_PeriphCLKConfig
                0x0000000008002154      0x200 Drivers/STM32F0xx_HAL_Driver/Src/stm32f0xx_hal_rcc_ex.o
                0x0000000008002154                HAL_RCCEx_PeriphCLKConfig
 .text.HAL_UART_Init
                0x0000000008002354       0xa8 Drivers/STM32F0xx_HAL_Driver/Src/stm32f0xx_hal_uart.o
                0x0000000008002354                HAL_UART_Init
 .text.UART_SetConfig
                0x00000000080023fc      0x308 Drivers/STM32F0xx_HAL_Driver/Src/stm32f0xx_hal_uart.o
                0x00000000080023fc                UART_SetConfig
 .text.UART_AdvFeatureConfig
                0x0000000008002704      0x168 Drivers/STM32F0xx_HAL_Driver/Src/stm32f0xx_hal_uart.o
                0x0000000008002704                UART_AdvFeatureConfig
 .text.UART_CheckIdleState
                0x000000000800286c       0x94 Drivers/STM32F0xx_HAL_Driver/Src/stm32f0xx_hal_uart.o
                0x000000000800286c                UART_CheckIdleState
 .text.UART_WaitOnFlagUntilTimeout
                0x0000000008002900       0xfc Drivers/STM32F0xx_HAL_Driver/Src/stm32f0xx_hal_uart.o
                0x0000000008002900                UART_WaitOnFlagUntilTimeout
 .text.ssd1306_Reset
                0x00000000080029fc        0xa stm32-ssd1306/ssd1306/ssd1306.o
                0x00000000080029fc                ssd1306_Reset
 *fill*         0x0000000008002a06        0x2 
 .text.ssd1306_WriteCommand
                0x0000000008002a08       0x34 stm32-ssd1306/ssd1306/ssd1306.o
                0x0000000008002a08                ssd1306_WriteCommand
 .text.ssd1306_WriteData
                0x0000000008002a3c       0x34 stm32-ssd1306/ssd1306/ssd1306.o
                0x0000000008002a3c                ssd1306_WriteData
 .text.ssd1306_Init
                0x0000000008002a70       0xd8 stm32-ssd1306/ssd1306/ssd1306.o
                0x0000000008002a70                ssd1306_Init
 .text.ssd1306_Fill
                0x0000000008002b48       0x48 stm32-ssd1306/ssd1306/ssd1306.o
                0x0000000008002b48                ssd1306_Fill
 .text.ssd1306_UpdateScreen
                0x0000000008002b90       0x58 stm32-ssd1306/ssd1306/ssd1306.o
                0x0000000008002b90                ssd1306_UpdateScreen
 .text.ssd1306_DrawPixel
                0x0000000008002be8       0xe0 stm32-ssd1306/ssd1306/ssd1306.o
                0x0000000008002be8                ssd1306_DrawPixel
 .text.ssd1306_SetContrast
                0x0000000008002cc8       0x30 stm32-ssd1306/ssd1306/ssd1306.o
                0x0000000008002cc8                ssd1306_SetContrast
 .text.ssd1306_SetDisplayOn
                0x0000000008002cf8       0x4c stm32-ssd1306/ssd1306/ssd1306.o
                0x0000000008002cf8                ssd1306_SetDisplayOn
 .text.__libc_init_array
                0x0000000008002d44       0x48 c:/st/stm32cubeide_1.4.0/stm32cubeide/plugins/com.st.stm32cube.ide.mcu.externaltools.gnu-tools-for-stm32.7-2018-q2-update.win32_1.5.0.202011040924/tools/bin/../lib/gcc/arm-none-eabi/7.3.1/../../../../arm-none-eabi/lib/thumb/v6-m\libc_nano.a(lib_a-init.o)
                0x0000000008002d44                __libc_init_array
 .text.memset   0x0000000008002d8c       0x10 c:/st/stm32cubeide_1.4.0/stm32cubeide/plugins/com.st.stm32cube.ide.mcu.externaltools.gnu-tools-for-stm32.7-2018-q2-update.win32_1.5.0.202011040924/tools/bin/../lib/gcc/arm-none-eabi/7.3.1/../../../../arm-none-eabi/lib/thumb/v6-m\libc_nano.a(lib_a-memset.o)
                0x0000000008002d8c                memset
 *(.glue_7)
 .glue_7        0x0000000008002d9c        0x0 linker stubs
 *(.glue_7t)
 .glue_7t       0x0000000008002d9c        0x0 linker stubs
 *(.eh_frame)
 .eh_frame      0x0000000008002d9c        0x0 c:/st/stm32cubeide_1.4.0/stm32cubeide/plugins/com.st.stm32cube.ide.mcu.externaltools.gnu-tools-for-stm32.7-2018-q2-update.win32_1.5.0.202011040924/tools/bin/../lib/gcc/arm-none-eabi/7.3.1/thumb/v6-m/crtbegin.o
 *(.init)
 .init          0x0000000008002d9c        0x4 c:/st/stm32cubeide_1.4.0/stm32cubeide/plugins/com.st.stm32cube.ide.mcu.externaltools.gnu-tools-for-stm32.7-2018-q2-update.win32_1.5.0.202011040924/tools/bin/../lib/gcc/arm-none-eabi/7.3.1/thumb/v6-m/crti.o
                0x0000000008002d9c                _init
 .init          0x0000000008002da0        0x8 c:/st/stm32cubeide_1.4.0/stm32cubeide/plugins/com.st.stm32cube.ide.mcu.externaltools.gnu-tools-for-stm32.7-2018-q2-update.win32_1.5.0.202011040924/tools/bin/../lib/gcc/arm-none-eabi/7.3.1/thumb/v6-m/crtn.o
 *(.fini)
 .fini          0x0000000008002da8        0x4 c:/st/stm32cubeide_1.4.0/stm32cubeide/plugins/com.st.stm32cube.ide.mcu.externaltools.gnu-tools-for-stm32.7-2018-q2-update.win32_1.5.0.202011040924/tools/bin/../lib/gcc/arm-none-eabi/7.3.1/thumb/v6-m/crti.o
                0x0000000008002da8                _fini
 .fini          0x0000000008002dac        0x8 c:/st/stm32cubeide_1.4.0/stm32cubeide/plugins/com.st.stm32cube.ide.mcu.externaltools.gnu-tools-for-stm32.7-2018-q2-update.win32_1.5.0.202011040924/tools/bin/../lib/gcc/arm-none-eabi/7.3.1/thumb/v6-m/crtn.o
                0x0000000008002db4                . = ALIGN (0x4)
                0x0000000008002db4                _etext = .

.vfp11_veneer   0x0000000008002db4        0x0
 .vfp11_veneer  0x0000000008002db4        0x0 linker stubs

.v4_bx          0x0000000008002db4        0x0
 .v4_bx         0x0000000008002db4        0x0 linker stubs

.iplt           0x0000000008002db4        0x0
 .iplt          0x0000000008002db4        0x0 c:/st/stm32cubeide_1.4.0/stm32cubeide/plugins/com.st.stm32cube.ide.mcu.externaltools.gnu-tools-for-stm32.7-2018-q2-update.win32_1.5.0.202011040924/tools/bin/../lib/gcc/arm-none-eabi/7.3.1/thumb/v6-m/crtbegin.o

.rodata         0x0000000008002db4      0x174
                0x0000000008002db4                . = ALIGN (0x4)
 *(.rodata)
 .rodata        0x0000000008002db4       0x20 Drivers/STM32F0xx_HAL_Driver/Src/stm32f0xx_hal_rcc.o
 *(.rodata*)
 .rodata.JaktoolLogoBMP
                0x0000000008002dd4      0x13b Core/Src/main.o
 *fill*         0x0000000008002f0f        0x1 
 .rodata.AHBPrescTable
                0x0000000008002f10       0x10 Core/Src/system_stm32f0xx.o
                0x0000000008002f10                AHBPrescTable
 .rodata.APBPrescTable
                0x0000000008002f20        0x8 Core/Src/system_stm32f0xx.o
                0x0000000008002f20                APBPrescTable
                0x0000000008002f28                . = ALIGN (0x4)

.rel.dyn        0x0000000008002f28        0x0
 .rel.iplt      0x0000000008002f28        0x0 c:/st/stm32cubeide_1.4.0/stm32cubeide/plugins/com.st.stm32cube.ide.mcu.externaltools.gnu-tools-for-stm32.7-2018-q2-update.win32_1.5.0.202011040924/tools/bin/../lib/gcc/arm-none-eabi/7.3.1/thumb/v6-m/crtbegin.o

.ARM.extab      0x0000000008002f28        0x0
                0x0000000008002f28                . = ALIGN (0x4)
 *(.ARM.extab* .gnu.linkonce.armextab.*)
                0x0000000008002f28                . = ALIGN (0x4)

.ARM            0x0000000008002f28        0x0
                0x0000000008002f28                . = ALIGN (0x4)
                0x0000000008002f28                __exidx_start = .
 *(.ARM.exidx*)
                0x0000000008002f28                __exidx_end = .
                0x0000000008002f28                . = ALIGN (0x4)

.preinit_array  0x0000000008002f28        0x0
                0x0000000008002f28                . = ALIGN (0x4)
                0x0000000008002f28                PROVIDE (__preinit_array_start = .)
 *(.preinit_array*)
                0x0000000008002f28                PROVIDE (__preinit_array_end = .)
                0x0000000008002f28                . = ALIGN (0x4)

.init_array     0x0000000008002f28        0x4
                0x0000000008002f28                . = ALIGN (0x4)
                0x0000000008002f28                PROVIDE (__init_array_start = .)
 *(SORT_BY_NAME(.init_array.*))
 *(.init_array*)
 .init_array    0x0000000008002f28        0x4 c:/st/stm32cubeide_1.4.0/stm32cubeide/plugins/com.st.stm32cube.ide.mcu.externaltools.gnu-tools-for-stm32.7-2018-q2-update.win32_1.5.0.202011040924/tools/bin/../lib/gcc/arm-none-eabi/7.3.1/thumb/v6-m/crtbegin.o
                0x0000000008002f2c                PROVIDE (__init_array_end = .)
                0x0000000008002f2c                . = ALIGN (0x4)

.fini_array     0x0000000008002f2c        0x4
                0x0000000008002f2c                . = ALIGN (0x4)
                [!provide]                        PROVIDE (__fini_array_start = .)
 *(SORT_BY_NAME(.fini_array.*))
 *(.fini_array*)
 .fini_array    0x0000000008002f2c        0x4 c:/st/stm32cubeide_1.4.0/stm32cubeide/plugins/com.st.stm32cube.ide.mcu.externaltools.gnu-tools-for-stm32.7-2018-q2-update.win32_1.5.0.202011040924/tools/bin/../lib/gcc/arm-none-eabi/7.3.1/thumb/v6-m/crtbegin.o
                [!provide]                        PROVIDE (__fini_array_end = .)
                0x0000000008002f30                . = ALIGN (0x4)
                0x0000000008002f30                _sidata = LOADADDR (.data)

.data           0x0000000020000000        0xc load address 0x0000000008002f30
                0x0000000020000000                . = ALIGN (0x4)
                0x0000000020000000                _sdata = .
 *(.data)
 *(.data*)
 .data.SystemCoreClock
                0x0000000020000000        0x4 Core/Src/system_stm32f0xx.o
                0x0000000020000000                SystemCoreClock
 .data.uwTickPrio
                0x0000000020000004        0x4 Drivers/STM32F0xx_HAL_Driver/Src/stm32f0xx_hal.o
                0x0000000020000004                uwTickPrio
 .data.uwTickFreq
                0x0000000020000008        0x1 Drivers/STM32F0xx_HAL_Driver/Src/stm32f0xx_hal.o
                0x0000000020000008                uwTickFreq
 *(.RamFunc)
 *(.RamFunc*)
                0x000000002000000c                . = ALIGN (0x4)
 *fill*         0x0000000020000009        0x3 
                0x000000002000000c                _edata = .

.igot.plt       0x000000002000000c        0x0 load address 0x0000000008002f3c
 .igot.plt      0x000000002000000c        0x0 c:/st/stm32cubeide_1.4.0/stm32cubeide/plugins/com.st.stm32cube.ide.mcu.externaltools.gnu-tools-for-stm32.7-2018-q2-update.win32_1.5.0.202011040924/tools/bin/../lib/gcc/arm-none-eabi/7.3.1/thumb/v6-m/crtbegin.o
                0x000000002000000c                . = ALIGN (0x4)

.bss            0x000000002000000c      0x4f8 load address 0x0000000008002f3c
                0x000000002000000c                _sbss = .
                0x000000002000000c                __bss_start__ = _sbss
 *(.bss)
 .bss           0x000000002000000c       0x1c c:/st/stm32cubeide_1.4.0/stm32cubeide/plugins/com.st.stm32cube.ide.mcu.externaltools.gnu-tools-for-stm32.7-2018-q2-update.win32_1.5.0.202011040924/tools/bin/../lib/gcc/arm-none-eabi/7.3.1/thumb/v6-m/crtbegin.o
 *(.bss*)
 .bss.SSD1306_Buffer
                0x0000000020000028      0x400 stm32-ssd1306/ssd1306/ssd1306.o
 .bss.SSD1306   0x0000000020000428        0x8 stm32-ssd1306/ssd1306/ssd1306.o
 *(COMMON)
 COMMON         0x0000000020000430       0xd0 Core/Src/main.o
                0x0000000020000430                hi2c1
                0x000000002000047c                huart2
 COMMON         0x0000000020000500        0x4 Drivers/STM32F0xx_HAL_Driver/Src/stm32f0xx_hal.o
                0x0000000020000500                uwTick
                0x0000000020000504                . = ALIGN (0x4)
                0x0000000020000504                _ebss = .
                0x0000000020000504                __bss_end__ = _ebss

._user_heap_stack
                0x0000000020000504      0x604 load address 0x0000000008002f3c
                0x0000000020000508                . = ALIGN (0x8)
 *fill*         0x0000000020000504        0x4 
                [!provide]                        PROVIDE (end = .)
                0x0000000020000508                PROVIDE (_end = .)
                0x0000000020000708                . = (. + _Min_Heap_Size)
 *fill*         0x0000000020000508      0x200 
                0x0000000020000b08                . = (. + _Min_Stack_Size)
 *fill*         0x0000000020000708      0x400 
                0x0000000020000b08                . = ALIGN (0x8)

/DISCARD/
 libc.a(*)
 libm.a(*)
 libgcc.a(*)

.ARM.attributes
                0x0000000000000000       0x28
 *(.ARM.attributes)
 .ARM.attributes
                0x0000000000000000       0x1e c:/st/stm32cubeide_1.4.0/stm32cubeide/plugins/com.st.stm32cube.ide.mcu.externaltools.gnu-tools-for-stm32.7-2018-q2-update.win32_1.5.0.202011040924/tools/bin/../lib/gcc/arm-none-eabi/7.3.1/thumb/v6-m/crti.o
 .ARM.attributes
                0x000000000000001e       0x2c c:/st/stm32cubeide_1.4.0/stm32cubeide/plugins/com.st.stm32cube.ide.mcu.externaltools.gnu-tools-for-stm32.7-2018-q2-update.win32_1.5.0.202011040924/tools/bin/../lib/gcc/arm-none-eabi/7.3.1/thumb/v6-m/crtbegin.o
 .ARM.attributes
                0x000000000000004a       0x31 BitmapLibrary/BitmapLibrary.o
 .ARM.attributes
                0x000000000000007b       0x31 Core/Src/main.o
 .ARM.attributes
                0x00000000000000ac       0x31 Core/Src/stm32f0xx_hal_msp.o
 .ARM.attributes
                0x00000000000000dd       0x31 Core/Src/stm32f0xx_it.o
 .ARM.attributes
                0x000000000000010e       0x31 Core/Src/system_stm32f0xx.o
 .ARM.attributes
                0x000000000000013f       0x21 Core/Startup/startup_stm32f072rbtx.o
 .ARM.attributes
                0x0000000000000160       0x31 Drivers/STM32F0xx_HAL_Driver/Src/stm32f0xx_hal.o
 .ARM.attributes
                0x0000000000000191       0x31 Drivers/STM32F0xx_HAL_Driver/Src/stm32f0xx_hal_cortex.o
 .ARM.attributes
                0x00000000000001c2       0x31 Drivers/STM32F0xx_HAL_Driver/Src/stm32f0xx_hal_gpio.o
 .ARM.attributes
                0x00000000000001f3       0x31 Drivers/STM32F0xx_HAL_Driver/Src/stm32f0xx_hal_i2c.o
 .ARM.attributes
                0x0000000000000224       0x31 Drivers/STM32F0xx_HAL_Driver/Src/stm32f0xx_hal_i2c_ex.o
 .ARM.attributes
                0x0000000000000255       0x31 Drivers/STM32F0xx_HAL_Driver/Src/stm32f0xx_hal_rcc.o
 .ARM.attributes
                0x0000000000000286       0x31 Drivers/STM32F0xx_HAL_Driver/Src/stm32f0xx_hal_rcc_ex.o
 .ARM.attributes
                0x00000000000002b7       0x31 Drivers/STM32F0xx_HAL_Driver/Src/stm32f0xx_hal_uart.o
 .ARM.attributes
                0x00000000000002e8       0x31 stm32-ssd1306/ssd1306/ssd1306.o
 .ARM.attributes
                0x0000000000000319       0x2c c:/st/stm32cubeide_1.4.0/stm32cubeide/plugins/com.st.stm32cube.ide.mcu.externaltools.gnu-tools-for-stm32.7-2018-q2-update.win32_1.5.0.202011040924/tools/bin/../lib/gcc/arm-none-eabi/7.3.1/../../../../arm-none-eabi/lib/thumb/v6-m\libc_nano.a(lib_a-init.o)
 .ARM.attributes
                0x0000000000000345       0x2c c:/st/stm32cubeide_1.4.0/stm32cubeide/plugins/com.st.stm32cube.ide.mcu.externaltools.gnu-tools-for-stm32.7-2018-q2-update.win32_1.5.0.202011040924/tools/bin/../lib/gcc/arm-none-eabi/7.3.1/../../../../arm-none-eabi/lib/thumb/v6-m\libc_nano.a(lib_a-memset.o)
 .ARM.attributes
                0x0000000000000371       0x1e c:/st/stm32cubeide_1.4.0/stm32cubeide/plugins/com.st.stm32cube.ide.mcu.externaltools.gnu-tools-for-stm32.7-2018-q2-update.win32_1.5.0.202011040924/tools/bin/../lib/gcc/arm-none-eabi/7.3.1/thumb/v6-m\libgcc.a(_udivsi3.o)
 .ARM.attributes
                0x000000000000038f       0x1e c:/st/stm32cubeide_1.4.0/stm32cubeide/plugins/com.st.stm32cube.ide.mcu.externaltools.gnu-tools-for-stm32.7-2018-q2-update.win32_1.5.0.202011040924/tools/bin/../lib/gcc/arm-none-eabi/7.3.1/thumb/v6-m\libgcc.a(_dvmd_tls.o)
 .ARM.attributes
                0x00000000000003ad       0x1e c:/st/stm32cubeide_1.4.0/stm32cubeide/plugins/com.st.stm32cube.ide.mcu.externaltools.gnu-tools-for-stm32.7-2018-q2-update.win32_1.5.0.202011040924/tools/bin/../lib/gcc/arm-none-eabi/7.3.1/thumb/v6-m/crtn.o
OUTPUT(OLED_I2C.elf elf32-littlearm)

.debug_info     0x0000000000000000     0xa980
 .debug_info    0x0000000000000000     0x10bd BitmapLibrary/BitmapLibrary.o
 .debug_info    0x00000000000010bd      0xef8 Core/Src/main.o
 .debug_info    0x0000000000001fb5      0xc7c Core/Src/stm32f0xx_hal_msp.o
 .debug_info    0x0000000000002c31      0x1a2 Core/Src/stm32f0xx_it.o
 .debug_info    0x0000000000002dd3      0x29e Core/Src/system_stm32f0xx.o
 .debug_info    0x0000000000003071       0x22 Core/Startup/startup_stm32f072rbtx.o
 .debug_info    0x0000000000003093      0x6c0 Drivers/STM32F0xx_HAL_Driver/Src/stm32f0xx_hal.o
 .debug_info    0x0000000000003753      0x78c Drivers/STM32F0xx_HAL_Driver/Src/stm32f0xx_hal_cortex.o
 .debug_info    0x0000000000003edf      0x689 Drivers/STM32F0xx_HAL_Driver/Src/stm32f0xx_hal_gpio.o
 .debug_info    0x0000000000004568     0x1fc3 Drivers/STM32F0xx_HAL_Driver/Src/stm32f0xx_hal_i2c.o
 .debug_info    0x000000000000652b      0x8c9 Drivers/STM32F0xx_HAL_Driver/Src/stm32f0xx_hal_i2c_ex.o
 .debug_info    0x0000000000006df4      0x82d Drivers/STM32F0xx_HAL_Driver/Src/stm32f0xx_hal_rcc.o
 .debug_info    0x0000000000007621      0x677 Drivers/STM32F0xx_HAL_Driver/Src/stm32f0xx_hal_rcc_ex.o
 .debug_info    0x0000000000007c98     0x1687 Drivers/STM32F0xx_HAL_Driver/Src/stm32f0xx_hal_uart.o
 .debug_info    0x000000000000931f     0x1661 stm32-ssd1306/ssd1306/ssd1306.o

.debug_abbrev   0x0000000000000000     0x1add
 .debug_abbrev  0x0000000000000000      0x22d BitmapLibrary/BitmapLibrary.o
 .debug_abbrev  0x000000000000022d      0x23c Core/Src/main.o
 .debug_abbrev  0x0000000000000469      0x197 Core/Src/stm32f0xx_hal_msp.o
 .debug_abbrev  0x0000000000000600       0xc6 Core/Src/stm32f0xx_it.o
 .debug_abbrev  0x00000000000006c6      0x12b Core/Src/system_stm32f0xx.o
 .debug_abbrev  0x00000000000007f1       0x12 Core/Startup/startup_stm32f072rbtx.o
 .debug_abbrev  0x0000000000000803      0x1c7 Drivers/STM32F0xx_HAL_Driver/Src/stm32f0xx_hal.o
 .debug_abbrev  0x00000000000009ca      0x273 Drivers/STM32F0xx_HAL_Driver/Src/stm32f0xx_hal_cortex.o
 .debug_abbrev  0x0000000000000c3d      0x1c0 Drivers/STM32F0xx_HAL_Driver/Src/stm32f0xx_hal_gpio.o
 .debug_abbrev  0x0000000000000dfd      0x22a Drivers/STM32F0xx_HAL_Driver/Src/stm32f0xx_hal_i2c.o
 .debug_abbrev  0x0000000000001027      0x1b9 Drivers/STM32F0xx_HAL_Driver/Src/stm32f0xx_hal_i2c_ex.o
 .debug_abbrev  0x00000000000011e0      0x20f Drivers/STM32F0xx_HAL_Driver/Src/stm32f0xx_hal_rcc.o
 .debug_abbrev  0x00000000000013ef      0x1a7 Drivers/STM32F0xx_HAL_Driver/Src/stm32f0xx_hal_rcc_ex.o
 .debug_abbrev  0x0000000000001596      0x215 Drivers/STM32F0xx_HAL_Driver/Src/stm32f0xx_hal_uart.o
 .debug_abbrev  0x00000000000017ab      0x332 stm32-ssd1306/ssd1306/ssd1306.o

.debug_aranges  0x0000000000000000      0x9f0
 .debug_aranges
                0x0000000000000000       0x28 BitmapLibrary/BitmapLibrary.o
 .debug_aranges
                0x0000000000000028       0x58 Core/Src/main.o
 .debug_aranges
                0x0000000000000080       0x40 Core/Src/stm32f0xx_hal_msp.o
 .debug_aranges
                0x00000000000000c0       0x40 Core/Src/stm32f0xx_it.o
 .debug_aranges
                0x0000000000000100       0x28 Core/Src/system_stm32f0xx.o
 .debug_aranges
                0x0000000000000128       0x28 Core/Startup/startup_stm32f072rbtx.o
 .debug_aranges
                0x0000000000000150       0xd0 Drivers/STM32F0xx_HAL_Driver/Src/stm32f0xx_hal.o
 .debug_aranges
                0x0000000000000220       0xc0 Drivers/STM32F0xx_HAL_Driver/Src/stm32f0xx_hal_cortex.o
 .debug_aranges
                0x00000000000002e0       0x58 Drivers/STM32F0xx_HAL_Driver/Src/stm32f0xx_hal_gpio.o
 .debug_aranges
                0x0000000000000338      0x290 Drivers/STM32F0xx_HAL_Driver/Src/stm32f0xx_hal_i2c.o
 .debug_aranges
                0x00000000000005c8       0x48 Drivers/STM32F0xx_HAL_Driver/Src/stm32f0xx_hal_i2c_ex.o
 .debug_aranges
                0x0000000000000610       0x80 Drivers/STM32F0xx_HAL_Driver/Src/stm32f0xx_hal_rcc.o
 .debug_aranges
                0x0000000000000690       0x78 Drivers/STM32F0xx_HAL_Driver/Src/stm32f0xx_hal_rcc_ex.o
 .debug_aranges
                0x0000000000000708      0x228 Drivers/STM32F0xx_HAL_Driver/Src/stm32f0xx_hal_uart.o
 .debug_aranges
                0x0000000000000930       0xc0 stm32-ssd1306/ssd1306/ssd1306.o

.debug_ranges   0x0000000000000000      0x938
 .debug_ranges  0x0000000000000000       0x18 BitmapLibrary/BitmapLibrary.o
 .debug_ranges  0x0000000000000018       0x48 Core/Src/main.o
 .debug_ranges  0x0000000000000060       0x30 Core/Src/stm32f0xx_hal_msp.o
 .debug_ranges  0x0000000000000090       0x30 Core/Src/stm32f0xx_it.o
 .debug_ranges  0x00000000000000c0       0x18 Core/Src/system_stm32f0xx.o
 .debug_ranges  0x00000000000000d8       0x20 Core/Startup/startup_stm32f072rbtx.o
 .debug_ranges  0x00000000000000f8       0xc0 Drivers/STM32F0xx_HAL_Driver/Src/stm32f0xx_hal.o
 .debug_ranges  0x00000000000001b8       0xb0 Drivers/STM32F0xx_HAL_Driver/Src/stm32f0xx_hal_cortex.o
 .debug_ranges  0x0000000000000268       0x48 Drivers/STM32F0xx_HAL_Driver/Src/stm32f0xx_hal_gpio.o
 .debug_ranges  0x00000000000002b0      0x280 Drivers/STM32F0xx_HAL_Driver/Src/stm32f0xx_hal_i2c.o
 .debug_ranges  0x0000000000000530       0x38 Drivers/STM32F0xx_HAL_Driver/Src/stm32f0xx_hal_i2c_ex.o
 .debug_ranges  0x0000000000000568       0x70 Drivers/STM32F0xx_HAL_Driver/Src/stm32f0xx_hal_rcc.o
 .debug_ranges  0x00000000000005d8       0x68 Drivers/STM32F0xx_HAL_Driver/Src/stm32f0xx_hal_rcc_ex.o
 .debug_ranges  0x0000000000000640      0x248 Drivers/STM32F0xx_HAL_Driver/Src/stm32f0xx_hal_uart.o
 .debug_ranges  0x0000000000000888       0xb0 stm32-ssd1306/ssd1306/ssd1306.o

.debug_macro    0x0000000000000000    0x193c2
 .debug_macro   0x0000000000000000      0x285 BitmapLibrary/BitmapLibrary.o
 .debug_macro   0x0000000000000285      0xa48 BitmapLibrary/BitmapLibrary.o
 .debug_macro   0x0000000000000ccd      0x174 BitmapLibrary/BitmapLibrary.o
 .debug_macro   0x0000000000000e41       0x22 BitmapLibrary/BitmapLibrary.o
 .debug_macro   0x0000000000000e63       0x8e BitmapLibrary/BitmapLibrary.o
 .debug_macro   0x0000000000000ef1       0x51 BitmapLibrary/BitmapLibrary.o
 .debug_macro   0x0000000000000f42       0xef BitmapLibrary/BitmapLibrary.o
 .debug_macro   0x0000000000001031       0x6a BitmapLibrary/BitmapLibrary.o
 .debug_macro   0x000000000000109b      0x1df BitmapLibrary/BitmapLibrary.o
 .debug_macro   0x000000000000127a       0x46 BitmapLibrary/BitmapLibrary.o
 .debug_macro   0x00000000000012c0       0x18 BitmapLibrary/BitmapLibrary.o
 .debug_macro   0x00000000000012d8       0x3c BitmapLibrary/BitmapLibrary.o
 .debug_macro   0x0000000000001314       0x34 BitmapLibrary/BitmapLibrary.o
 .debug_macro   0x0000000000001348       0x10 BitmapLibrary/BitmapLibrary.o
 .debug_macro   0x0000000000001358       0x3a BitmapLibrary/BitmapLibrary.o
 .debug_macro   0x0000000000001392      0x12d BitmapLibrary/BitmapLibrary.o
 .debug_macro   0x00000000000014bf       0x28 BitmapLibrary/BitmapLibrary.o
 .debug_macro   0x00000000000014e7       0x22 BitmapLibrary/BitmapLibrary.o
 .debug_macro   0x0000000000001509       0x1c BitmapLibrary/BitmapLibrary.o
 .debug_macro   0x0000000000001525       0x22 BitmapLibrary/BitmapLibrary.o
 .debug_macro   0x0000000000001547       0xb5 BitmapLibrary/BitmapLibrary.o
 .debug_macro   0x00000000000015fc      0x391 BitmapLibrary/BitmapLibrary.o
 .debug_macro   0x000000000000198d     0xfe50 BitmapLibrary/BitmapLibrary.o
 .debug_macro   0x00000000000117dd       0x3c BitmapLibrary/BitmapLibrary.o
 .debug_macro   0x0000000000011819     0x3461 BitmapLibrary/BitmapLibrary.o
 .debug_macro   0x0000000000014c7a       0x55 BitmapLibrary/BitmapLibrary.o
 .debug_macro   0x0000000000014ccf      0x946 BitmapLibrary/BitmapLibrary.o
 .debug_macro   0x0000000000015615      0x5f3 BitmapLibrary/BitmapLibrary.o
 .debug_macro   0x0000000000015c08      0x12f BitmapLibrary/BitmapLibrary.o
 .debug_macro   0x0000000000015d37      0x1a7 BitmapLibrary/BitmapLibrary.o
 .debug_macro   0x0000000000015ede      0x1a7 BitmapLibrary/BitmapLibrary.o
 .debug_macro   0x0000000000016085      0x22c BitmapLibrary/BitmapLibrary.o
 .debug_macro   0x00000000000162b1       0x34 BitmapLibrary/BitmapLibrary.o
 .debug_macro   0x00000000000162e5       0x43 BitmapLibrary/BitmapLibrary.o
 .debug_macro   0x0000000000016328       0x28 BitmapLibrary/BitmapLibrary.o
 .debug_macro   0x0000000000016350       0xb0 BitmapLibrary/BitmapLibrary.o
 .debug_macro   0x0000000000016400      0x217 BitmapLibrary/BitmapLibrary.o
 .debug_macro   0x0000000000016617      0x22c BitmapLibrary/BitmapLibrary.o
 .debug_macro   0x0000000000016843       0x60 BitmapLibrary/BitmapLibrary.o
 .debug_macro   0x00000000000168a3       0xa5 BitmapLibrary/BitmapLibrary.o
 .debug_macro   0x0000000000016948       0x4c BitmapLibrary/BitmapLibrary.o
 .debug_macro   0x0000000000016994      0x16d BitmapLibrary/BitmapLibrary.o
 .debug_macro   0x0000000000016b01      0x5a5 BitmapLibrary/BitmapLibrary.o
 .debug_macro   0x00000000000170a6       0x44 BitmapLibrary/BitmapLibrary.o
 .debug_macro   0x00000000000170ea      0x130 BitmapLibrary/BitmapLibrary.o
 .debug_macro   0x000000000001721a       0x40 BitmapLibrary/BitmapLibrary.o
 .debug_macro   0x000000000001725a       0x52 BitmapLibrary/BitmapLibrary.o
 .debug_macro   0x00000000000172ac       0x1f BitmapLibrary/BitmapLibrary.o
 .debug_macro   0x00000000000172cb       0x43 BitmapLibrary/BitmapLibrary.o
 .debug_macro   0x000000000001730e       0x20 BitmapLibrary/BitmapLibrary.o
 .debug_macro   0x000000000001732e      0x1a3 BitmapLibrary/BitmapLibrary.o
 .debug_macro   0x00000000000174d1      0x32a BitmapLibrary/BitmapLibrary.o
 .debug_macro   0x00000000000177fb      0x1e1 BitmapLibrary/BitmapLibrary.o
 .debug_macro   0x00000000000179dc      0x239 Core/Src/main.o
 .debug_macro   0x0000000000017c15       0x2e Core/Src/main.o
 .debug_macro   0x0000000000017c43       0x4c Core/Src/main.o
 .debug_macro   0x0000000000017c8f       0x22 Core/Src/main.o
 .debug_macro   0x0000000000017cb1      0x1bd Core/Src/stm32f0xx_hal_msp.o
 .debug_macro   0x0000000000017e6e      0x1c7 Core/Src/stm32f0xx_it.o
 .debug_macro   0x0000000000018035      0x1ae Core/Src/system_stm32f0xx.o
 .debug_macro   0x00000000000181e3      0x1d2 Drivers/STM32F0xx_HAL_Driver/Src/stm32f0xx_hal.o
 .debug_macro   0x00000000000183b5      0x1ae Drivers/STM32F0xx_HAL_Driver/Src/stm32f0xx_hal_cortex.o
 .debug_macro   0x0000000000018563      0x1e6 Drivers/STM32F0xx_HAL_Driver/Src/stm32f0xx_hal_gpio.o
 .debug_macro   0x0000000000018749      0x273 Drivers/STM32F0xx_HAL_Driver/Src/stm32f0xx_hal_i2c.o
 .debug_macro   0x00000000000189bc      0x1ae Drivers/STM32F0xx_HAL_Driver/Src/stm32f0xx_hal_i2c_ex.o
 .debug_macro   0x0000000000018b6a      0x1c0 Drivers/STM32F0xx_HAL_Driver/Src/stm32f0xx_hal_rcc.o
 .debug_macro   0x0000000000018d2a      0x1c0 Drivers/STM32F0xx_HAL_Driver/Src/stm32f0xx_hal_rcc_ex.o
 .debug_macro   0x0000000000018eea      0x1cb Drivers/STM32F0xx_HAL_Driver/Src/stm32f0xx_hal_uart.o
 .debug_macro   0x00000000000190b5      0x2d7 stm32-ssd1306/ssd1306/ssd1306.o
 .debug_macro   0x000000000001938c       0x16 stm32-ssd1306/ssd1306/ssd1306.o
 .debug_macro   0x00000000000193a2       0x20 stm32-ssd1306/ssd1306/ssd1306.o

.debug_line     0x0000000000000000     0x9353
 .debug_line    0x0000000000000000      0x8ed BitmapLibrary/BitmapLibrary.o
 .debug_line    0x00000000000008ed      0x95b Core/Src/main.o
 .debug_line    0x0000000000001248      0x70b Core/Src/stm32f0xx_hal_msp.o
 .debug_line    0x0000000000001953      0x704 Core/Src/stm32f0xx_it.o
 .debug_line    0x0000000000002057      0x6cf Core/Src/system_stm32f0xx.o
 .debug_line    0x0000000000002726       0x89 Core/Startup/startup_stm32f072rbtx.o
 .debug_line    0x00000000000027af      0x862 Drivers/STM32F0xx_HAL_Driver/Src/stm32f0xx_hal.o
 .debug_line    0x0000000000003011      0x87a Drivers/STM32F0xx_HAL_Driver/Src/stm32f0xx_hal_cortex.o
 .debug_line    0x000000000000388b      0x83a Drivers/STM32F0xx_HAL_Driver/Src/stm32f0xx_hal_gpio.o
 .debug_line    0x00000000000040c5     0x1a9c Drivers/STM32F0xx_HAL_Driver/Src/stm32f0xx_hal_i2c.o
 .debug_line    0x0000000000005b61      0x7f0 Drivers/STM32F0xx_HAL_Driver/Src/stm32f0xx_hal_i2c_ex.o
 .debug_line    0x0000000000006351      0x94f Drivers/STM32F0xx_HAL_Driver/Src/stm32f0xx_hal_rcc.o
 .debug_line    0x0000000000006ca0      0x8fb Drivers/STM32F0xx_HAL_Driver/Src/stm32f0xx_hal_rcc_ex.o
 .debug_line    0x000000000000759b     0x1235 Drivers/STM32F0xx_HAL_Driver/Src/stm32f0xx_hal_uart.o
 .debug_line    0x00000000000087d0      0xb83 stm32-ssd1306/ssd1306/ssd1306.o

.debug_str      0x0000000000000000    0x90d60
 .debug_str     0x0000000000000000    0x8dc59 BitmapLibrary/BitmapLibrary.o
                                      0x8e071 (size before relaxing)
 .debug_str     0x000000000008dc59      0x68e Core/Src/main.o
                                      0x8b148 (size before relaxing)
 .debug_str     0x000000000008e2e7       0x7d Core/Src/stm32f0xx_hal_msp.o
                                      0x8a99b (size before relaxing)
 .debug_str     0x000000000008e364       0x76 Core/Src/stm32f0xx_it.o
                                      0x8a20d (size before relaxing)
 .debug_str     0x000000000008e3da       0x5f Core/Src/system_stm32f0xx.o
                                      0x8a13c (size before relaxing)
 .debug_str     0x000000000008e439       0x36 Core/Startup/startup_stm32f072rbtx.o
                                         0x85 (size before relaxing)
 .debug_str     0x000000000008e46f      0x45b Drivers/STM32F0xx_HAL_Driver/Src/stm32f0xx_hal.o
                                      0x8a6a6 (size before relaxing)
 .debug_str     0x000000000008e8ca      0x1f0 Drivers/STM32F0xx_HAL_Driver/Src/stm32f0xx_hal_cortex.o
                                      0x8a55e (size before relaxing)
 .debug_str     0x000000000008eaba      0x20e Drivers/STM32F0xx_HAL_Driver/Src/stm32f0xx_hal_gpio.o
                                      0x8a3d8 (size before relaxing)
 .debug_str     0x000000000008ecc8      0xdc5 Drivers/STM32F0xx_HAL_Driver/Src/stm32f0xx_hal_i2c.o
                                      0x8b3ee (size before relaxing)
 .debug_str     0x000000000008fa8d       0xb8 Drivers/STM32F0xx_HAL_Driver/Src/stm32f0xx_hal_i2c_ex.o
                                      0x8a6da (size before relaxing)
 .debug_str     0x000000000008fb45      0x235 Drivers/STM32F0xx_HAL_Driver/Src/stm32f0xx_hal_rcc.o
                                      0x8a551 (size before relaxing)
 .debug_str     0x000000000008fd7a      0x2dc Drivers/STM32F0xx_HAL_Driver/Src/stm32f0xx_hal_rcc_ex.o
                                      0x8a52e (size before relaxing)
 .debug_str     0x0000000000090056      0x847 Drivers/STM32F0xx_HAL_Driver/Src/stm32f0xx_hal_uart.o
                                      0x8adde (size before relaxing)
 .debug_str     0x000000000009089d      0x4c3 stm32-ssd1306/ssd1306/ssd1306.o
                                      0x8e47a (size before relaxing)

.comment        0x0000000000000000       0x7b
 .comment       0x0000000000000000       0x7b BitmapLibrary/BitmapLibrary.o
                                         0x7c (size before relaxing)
 .comment       0x000000000000007b       0x7c Core/Src/main.o
 .comment       0x000000000000007b       0x7c Core/Src/stm32f0xx_hal_msp.o
 .comment       0x000000000000007b       0x7c Core/Src/stm32f0xx_it.o
 .comment       0x000000000000007b       0x7c Core/Src/system_stm32f0xx.o
 .comment       0x000000000000007b       0x7c Drivers/STM32F0xx_HAL_Driver/Src/stm32f0xx_hal.o
 .comment       0x000000000000007b       0x7c Drivers/STM32F0xx_HAL_Driver/Src/stm32f0xx_hal_cortex.o
 .comment       0x000000000000007b       0x7c Drivers/STM32F0xx_HAL_Driver/Src/stm32f0xx_hal_gpio.o
 .comment       0x000000000000007b       0x7c Drivers/STM32F0xx_HAL_Driver/Src/stm32f0xx_hal_i2c.o
 .comment       0x000000000000007b       0x7c Drivers/STM32F0xx_HAL_Driver/Src/stm32f0xx_hal_i2c_ex.o
 .comment       0x000000000000007b       0x7c Drivers/STM32F0xx_HAL_Driver/Src/stm32f0xx_hal_rcc.o
 .comment       0x000000000000007b       0x7c Drivers/STM32F0xx_HAL_Driver/Src/stm32f0xx_hal_rcc_ex.o
 .comment       0x000000000000007b       0x7c Drivers/STM32F0xx_HAL_Driver/Src/stm32f0xx_hal_uart.o
 .comment       0x000000000000007b       0x7c stm32-ssd1306/ssd1306/ssd1306.o

.debug_frame    0x0000000000000000     0x22b4
 .debug_frame   0x0000000000000000       0x50 BitmapLibrary/BitmapLibrary.o
 .debug_frame   0x0000000000000050       0xfc Core/Src/main.o
 .debug_frame   0x000000000000014c       0xb0 Core/Src/stm32f0xx_hal_msp.o
 .debug_frame   0x00000000000001fc       0x9c Core/Src/stm32f0xx_it.o
 .debug_frame   0x0000000000000298       0x4c Core/Src/system_stm32f0xx.o
 .debug_frame   0x00000000000002e4      0x2a4 Drivers/STM32F0xx_HAL_Driver/Src/stm32f0xx_hal.o
 .debug_frame   0x0000000000000588      0x2a0 Drivers/STM32F0xx_HAL_Driver/Src/stm32f0xx_hal_cortex.o
 .debug_frame   0x0000000000000828      0x110 Drivers/STM32F0xx_HAL_Driver/Src/stm32f0xx_hal_gpio.o
 .debug_frame   0x0000000000000938      0xa20 Drivers/STM32F0xx_HAL_Driver/Src/stm32f0xx_hal_i2c.o
 .debug_frame   0x0000000000001358       0xd0 Drivers/STM32F0xx_HAL_Driver/Src/stm32f0xx_hal_i2c_ex.o
 .debug_frame   0x0000000000001428      0x198 Drivers/STM32F0xx_HAL_Driver/Src/stm32f0xx_hal_rcc.o
 .debug_frame   0x00000000000015c0      0x180 Drivers/STM32F0xx_HAL_Driver/Src/stm32f0xx_hal_rcc_ex.o
 .debug_frame   0x0000000000001740      0x850 Drivers/STM32F0xx_HAL_Driver/Src/stm32f0xx_hal_uart.o
 .debug_frame   0x0000000000001f90      0x2b8 stm32-ssd1306/ssd1306/ssd1306.o
 .debug_frame   0x0000000000002248       0x2c c:/st/stm32cubeide_1.4.0/stm32cubeide/plugins/com.st.stm32cube.ide.mcu.externaltools.gnu-tools-for-stm32.7-2018-q2-update.win32_1.5.0.202011040924/tools/bin/../lib/gcc/arm-none-eabi/7.3.1/../../../../arm-none-eabi/lib/thumb/v6-m\libc_nano.a(lib_a-init.o)
 .debug_frame   0x0000000000002274       0x20 c:/st/stm32cubeide_1.4.0/stm32cubeide/plugins/com.st.stm32cube.ide.mcu.externaltools.gnu-tools-for-stm32.7-2018-q2-update.win32_1.5.0.202011040924/tools/bin/../lib/gcc/arm-none-eabi/7.3.1/../../../../arm-none-eabi/lib/thumb/v6-m\libc_nano.a(lib_a-memset.o)
 .debug_frame   0x0000000000002294       0x20 c:/st/stm32cubeide_1.4.0/stm32cubeide/plugins/com.st.stm32cube.ide.mcu.externaltools.gnu-tools-for-stm32.7-2018-q2-update.win32_1.5.0.202011040924/tools/bin/../lib/gcc/arm-none-eabi/7.3.1/thumb/v6-m\libgcc.a(_udivsi3.o)
